Component: ARM Compiler 5.06 update 5 (build 528) Tool: armlink [4d35e2]

==============================================================================

Section Cross References

    startup_stm32f10x_hd.o(STACK) refers (Special) to heapauxi.o(.text) for __use_two_region_memory
    startup_stm32f10x_hd.o(HEAP) refers (Special) to heapauxi.o(.text) for __use_two_region_memory
    startup_stm32f10x_hd.o(RESET) refers (Special) to heapauxi.o(.text) for __use_two_region_memory
    startup_stm32f10x_hd.o(RESET) refers to startup_stm32f10x_hd.o(STACK) for __initial_sp
    startup_stm32f10x_hd.o(RESET) refers to startup_stm32f10x_hd.o(.text) for Reset_Handler
    startup_stm32f10x_hd.o(RESET) refers to stm32f10x_it.o(i.NMI_Handler) for NMI_Handler
    startup_stm32f10x_hd.o(RESET) refers to stm32f10x_it.o(i.HardFault_Handler) for HardFault_Handler
    startup_stm32f10x_hd.o(RESET) refers to stm32f10x_it.o(i.MemManage_Handler) for MemManage_Handler
    startup_stm32f10x_hd.o(RESET) refers to stm32f10x_it.o(i.BusFault_Handler) for BusFault_Handler
    startup_stm32f10x_hd.o(RESET) refers to stm32f10x_it.o(i.UsageFault_Handler) for UsageFault_Handler
    startup_stm32f10x_hd.o(RESET) refers to stm32f10x_it.o(i.SVC_Handler) for SVC_Handler
    startup_stm32f10x_hd.o(RESET) refers to stm32f10x_it.o(i.DebugMon_Handler) for DebugMon_Handler
    startup_stm32f10x_hd.o(RESET) refers to stm32f10x_it.o(i.PendSV_Handler) for PendSV_Handler
    startup_stm32f10x_hd.o(RESET) refers to stm32f10x_it.o(i.SysTick_Handler) for SysTick_Handler
    startup_stm32f10x_hd.o(RESET) refers to main.o(i.DMA1_Channel1_IRQHandler) for DMA1_Channel1_IRQHandler
    startup_stm32f10x_hd.o(RESET) refers to usart.o(i.USART1_IRQHandler) for USART1_IRQHandler
    startup_stm32f10x_hd.o(.text) refers (Special) to heapauxi.o(.text) for __use_two_region_memory
    startup_stm32f10x_hd.o(.text) refers to system_stm32f10x.o(i.SystemInit) for SystemInit
    startup_stm32f10x_hd.o(.text) refers to __main.o(!!!main) for __main
    startup_stm32f10x_hd.o(.text) refers to startup_stm32f10x_hd.o(HEAP) for Heap_Mem
    startup_stm32f10x_hd.o(.text) refers to startup_stm32f10x_hd.o(STACK) for Stack_Mem
    main.o(i.DMA1_Channel1_IRQHandler) refers to stm32f10x_dma.o(i.DMA_GetITStatus) for DMA_GetITStatus
    main.o(i.DMA1_Channel1_IRQHandler) refers to stm32f10x_adc.o(i.ADC_RegularChannelConfig) for ADC_RegularChannelConfig
    main.o(i.DMA1_Channel1_IRQHandler) refers to fft_calculate.o(i.FFT_Compute) for FFT_Compute
    main.o(i.DMA1_Channel1_IRQHandler) refers to fft_calculate.o(i.GetPowerMag) for GetPowerMag
    main.o(i.DMA1_Channel1_IRQHandler) refers to dflt_clz.o(x$fpl$dfltu) for __aeabi_ui2d
    main.o(i.DMA1_Channel1_IRQHandler) refers to dmul.o(x$fpl$dmul) for __aeabi_dmul
    main.o(i.DMA1_Channel1_IRQHandler) refers to ddiv.o(x$fpl$ddiv) for __aeabi_ddiv
    main.o(i.DMA1_Channel1_IRQHandler) refers to d2f.o(x$fpl$d2f) for __aeabi_d2f
    main.o(i.DMA1_Channel1_IRQHandler) refers to f2d.o(x$fpl$f2d) for __aeabi_f2d
    main.o(i.DMA1_Channel1_IRQHandler) refers to faddsub_clz.o(x$fpl$fsub) for __aeabi_fsub
    main.o(i.DMA1_Channel1_IRQHandler) refers to ffixu.o(x$fpl$ffixu) for __aeabi_f2uiz
    main.o(i.DMA1_Channel1_IRQHandler) refers to lcd.o(i.LCD_ShowxNum) for LCD_ShowxNum
    main.o(i.DMA1_Channel1_IRQHandler) refers to frleqf.o(x$fpl$frleqf) for __aeabi_cfrcmple
    main.o(i.DMA1_Channel1_IRQHandler) refers to fleqf.o(x$fpl$fleqf) for __aeabi_cfcmple
    main.o(i.DMA1_Channel1_IRQHandler) refers to main.o(i.Mid_Value_Filter) for Mid_Value_Filter
    main.o(i.DMA1_Channel1_IRQHandler) refers to stm32f10x_dma.o(i.DMA_Cmd) for DMA_Cmd
    main.o(i.DMA1_Channel1_IRQHandler) refers to stm32f10x_dma.o(i.DMA_SetCurrDataCounter) for DMA_SetCurrDataCounter
    main.o(i.DMA1_Channel1_IRQHandler) refers to stm32f10x_dma.o(i.DMA_ClearITPendingBit) for DMA_ClearITPendingBit
    main.o(i.DMA1_Channel1_IRQHandler) refers to stm32f10x_dma.o(i.DMA_ClearFlag) for DMA_ClearFlag
    main.o(i.DMA1_Channel1_IRQHandler) refers to main.o(.data) for count
    main.o(i.DMA1_Channel1_IRQHandler) refers to dma.o(.bss) for ADC_TempValue
    main.o(i.DMA1_Channel1_IRQHandler) refers to main.o(.bss) for ADC_val0
    main.o(i.DMA1_Channel1_IRQHandler) refers to fft_calculate.o(.data) for angle
    main.o(i.Mid_Value_Filter) refers to frleqf.o(x$fpl$frleqf) for __aeabi_cfrcmple
    main.o(i.Mid_Value_Filter) refers to faddsub_clz.o(x$fpl$fadd) for __aeabi_fadd
    main.o(i.Mid_Value_Filter) refers to fflt_clz.o(x$fpl$ffltu) for __aeabi_ui2f
    main.o(i.Mid_Value_Filter) refers to fmul.o(x$fpl$fmul) for __aeabi_fmul
    main.o(i.Mid_Value_Filter) refers to fdiv.o(x$fpl$fdiv) for __aeabi_fdiv
    main.o(i.NVIC_Configuration) refers to misc.o(i.NVIC_PriorityGroupConfig) for NVIC_PriorityGroupConfig
    main.o(i.NVIC_Configuration) refers to misc.o(i.NVIC_Init) for NVIC_Init
    main.o(i.main) refers to _printf_pad.o(.text) for _printf_pre_padding
[...]
    .text                                    0x08000b5c   Section        0  _sputc.o(.text)
    .text                                    0x08000b68   Section        0  _printf_char_file.o(.text)
    .text                                    0x08000b8c   Section        8  rt_errno_addr_intlibspace.o(.text)
    .text                                    0x08000b94   Section        0  ferror.o(.text)
    .text                                    0x08000b9c   Section        8  libspace.o(.text)
    .text                                    0x08000ba4   Section       74  sys_stackheap_outer.o(.text)
    .text                                    0x08000bee   Section        0  exit.o(.text)
    i.ADC_Cmd                                0x08000c00   Section        0  stm32f10x_adc.o(i.ADC_Cmd)
    i.ADC_DMACmd                             0x08000c16   Section        0  stm32f10x_adc.o(i.ADC_DMACmd)
    i.ADC_DeInit                             0x08000c2c   Section        0  stm32f10x_adc.o(i.ADC_DeInit)
    i.ADC_ExternalTrigConvCmd                0x08000c88   Section        0  stm32f10x_adc.o(i.ADC_ExternalTrigConvCmd)
    i.ADC_GetCalibrationStatus               0x08000c9e   Section        0  stm32f10x_adc.o(i.ADC_GetCalibrationStatus)
    i.ADC_GetResetCalibrationStatus          0x08000cb2   Section        0  stm32f10x_adc.o(i.ADC_GetResetCalibrationStatus)
    i.ADC_Init                               0x08000cc8   Section        0  stm32f10x_adc.o(i.ADC_Init)
    i.ADC_RegularChannelConfig               0x08000d18   Section        0  stm32f10x_adc.o(i.ADC_RegularChannelConfig)
    i.ADC_ResetCalibration                   0x08000dd0   Section        0  stm32f10x_adc.o(i.ADC_ResetCalibration)
    i.ADC_StartCalibration                   0x08000dda   Section        0  stm32f10x_adc.o(i.ADC_StartCalibration)
    i.Adc_Init                               0x08000de4   Section        0  adc.o(i.Adc_Init)
    i.BusFault_Handler                       0x08000e94   Section        0  stm32f10x_it.o(i.BusFault_Handler)
    i.DMA1_Channel1_IRQHandler               0x08000e98   Section        0  main.o(i.DMA1_Channel1_IRQHandler)
    i.DMA_ClearFlag                          0x08001154   Section        0  stm32f10x_dma.o(i.DMA_ClearFlag)
    i.DMA_ClearITPendingBit                  0x08001170   Section        0  stm32f10x_dma.o(i.DMA_ClearITPendingBit)
    i.DMA_Cmd                                0x0800118c   Section        0  stm32f10x_dma.o(i.DMA_Cmd)
    i.DMA_DeInit                             0x080011a4   Section        0  stm32f10x_dma.o(i.DMA_DeInit)
    i.DMA_GetITStatus                        0x080012f0   Section        0  stm32f10x_dma.o(i.DMA_GetITStatus)
    i.DMA_ITConfig                           0x0800131c   Section        0  stm32f10x_dma.o(i.DMA_ITConfig)
    i.DMA_Init                               0x0800132e   Section        0  stm32f10x_dma.o(i.DMA_Init)
    i.DMA_SetCurrDataCounter                 0x0800136a   Section        0  stm32f10x_dma.o(i.DMA_SetCurrDataCounter)
    i.DebugMon_Handler                       0x0800136e   Section        0  stm32f10x_it.o(i.DebugMon_Handler)
    i.FFT_Compute                            0x08001370   Section        0  fft_calculate.o(i.FFT_Compute)
    i.GPIO_Init                              0x080013b0   Section        0  stm32f10x_gpio.o(i.GPIO_Init)
    i.GPIO_PinRemapConfig                    0x080014c8   Section        0  stm32f10x_gpio.o(i.GPIO_PinRemapConfig)
    i.GPIO_SetBits                           0x08001558   Section        0  stm32f10x_gpio.o(i.GPIO_SetBits)
    i.GetPowerMag                            0x0800155c   Section        0  fft_calculate.o(i.GetPowerMag)
    i.HardFault_Handler                      0x08001720   Section        0  stm32f10x_it.o(i.HardFault_Handler)
    i.LCD_Clear                              0x08001724   Section        0  lcd.o(i.LCD_Clear)
    i.LCD_Display_Dir                        0x080017ac   Section        0  lcd.o(i.LCD_Display_Dir)
    i.LCD_Fast_DrawPoint                     0x0800196c   Section        0  lcd.o(i.LCD_Fast_DrawPoint)
    i.LCD_Init                               0x08001cd0   Section        0  lcd.o(i.LCD_Init)
    i.LCD_Pow                                0x0800588c   Section        0  lcd.o(i.LCD_Pow)
    i.LCD_RD_DATA                            0x080058a4   Section        0  lcd.o(i.LCD_RD_DATA)
    i.LCD_ReadReg                            0x08005914   Section        0  lcd.o(i.LCD_ReadReg)
    i.LCD_SSD_BackLightSet                   0x08005924   Section        0  lcd.o(i.LCD_SSD_BackLightSet)
    i.LCD_Scan_Dir                           0x080059f8   Section        0  lcd.o(i.LCD_Scan_Dir)
    i.LCD_SetCursor                          0x08005e50   Section        0  lcd.o(i.LCD_SetCursor)
    i.LCD_ShowChar                           0x0800620c   Section        0  lcd.o(i.LCD_ShowChar)
    i.LCD_ShowString                         0x08006334   Section        0  lcd.o(i.LCD_ShowString)
    i.LCD_ShowxNum                           0x0800639a   Section        0  lcd.o(i.LCD_ShowxNum)
    i.LCD_WR_DATAX                           0x08006458   Section        0  lcd.o(i.LCD_WR_DATAX)
    i.LCD_WR_REG                             0x0800647c   Section        0  lcd.o(i.LCD_WR_REG)
    i.LCD_WriteRAM_Prepare                   0x080064a0   Section        0  lcd.o(i.LCD_WriteRAM_Prepare)
    i.LCD_WriteReg                           0x080064b0   Section        0  lcd.o(i.LCD_WriteReg)
    i.MYDMA_Config                           0x080064e0   Section        0  dma.o(i.MYDMA_Config)
    i.MemManage_Handler                      0x08006550   Section        0  stm32f10x_it.o(i.MemManage_Handler)
    i.Mid_Value_Filter                       0x08006554   Section        0  main.o(i.Mid_Value_Filter)
    i.NMI_Handler                            0x080065ee   Section        0  stm32f10x_it.o(i.NMI_Handler)
    i.NVIC_Configuration                     0x080065f0   Section        0  main.o(i.NVIC_Configuration)
    i.NVIC_Init                              0x08006618   Section        0  misc.o(i.NVIC_Init)
    i.NVIC_PriorityGroupConfig               0x08006688   Section        0  misc.o(i.NVIC_PriorityGroupConfig)
    i.PendSV_Handler                         0x0800669c   Section        0  stm32f10x_it.o(i.PendSV_Handler)
    i.RCC_ADCCLKConfig                       0x080066a0   Section        0  stm32f10x_rcc.o(i.RCC_ADCCLKConfig)
    i.RCC_AHBPeriphClockCmd                  0x080066b8   Section        0  stm32f10x_rcc.o(i.RCC_AHBPeriphClockCmd)
    i.RCC_APB1PeriphClockCmd                 0x080066d8   Section        0  stm32f10x_rcc.o(i.RCC_APB1PeriphClockCmd)
    i.RCC_APB2PeriphClockCmd                 0x080066f8   Section        0  stm32f10x_rcc.o(i.RCC_APB2PeriphClockCmd)
    i.RCC_APB2PeriphResetCmd                 0x08006718   Section        0  stm32f10x_rcc.o(i.RCC_APB2PeriphResetCmd)
    i.RCC_GetClocksFreq                      0x08006738   Section        0  stm32f10x_rcc.o(i.RCC_GetClocksFreq)
    i.SVC_Handler                            0x0800680c   Section        0  stm32f10x_it.o(i.SVC_Handler)
    i.SetSysClock                            0x0800680e   Section        0  system_stm32f10x.o(i.SetSysClock)
    SetSysClock                              0x0800680f   Thumb Code     8  system_stm32f10x.o(i.SetSysClock)
    i.SetSysClockTo72                        0x08006818   Section        0  system_stm32f10x.o(i.SetSysClockTo72)
    SetSysClockTo72                          0x08006819   Thumb Code   214  system_stm32f10x.o(i.SetSysClockTo72)
    i.SysTick_CLKSourceConfig                0x080068f8   Section        0  misc.o(i.SysTick_CLKSourceConfig)
    i.SysTick_Handler                        0x08006920   Section        0  stm32f10x_it.o(i.SysTick_Handler)
    i.SystemInit                             0x08006924   Section        0  system_stm32f10x.o(i.SystemInit)
    i.TIM1_PWM_Init                          0x08006984   Section        0  timer.o(i.TIM1_PWM_Init)
    i.TIM2_PWM_Init                          0x08006a14   Section        0  timer.o(i.TIM2_PWM_Init)
    i.TIM_Cmd                                0x08006aa4   Section        0  stm32f10x_tim.o(i.TIM_Cmd)
    i.TIM_CtrlPWMOutputs                     0x08006abc   Section        0  stm32f10x_tim.o(i.TIM_CtrlPWMOutputs)
    i.TIM_OC2Init                            0x08006adc   Section        0  stm32f10x_tim.o(i.TIM_OC2Init)
    i.TIM_OC4Init                            0x08006b80   Section        0  stm32f10x_tim.o(i.TIM_OC4Init)
    i.TIM_SetCompare4                        0x08006bfc   Section        0  stm32f10x_tim.o(i.TIM_SetCompare4)
    i.TIM_TimeBaseInit                       0x08006c04   Section        0  stm32f10x_tim.o(i.TIM_TimeBaseInit)
    i.USART1_IRQHandler                      0x08006ca8   Section        0  usart.o(i.USART1_IRQHandler)
    i.USART_Cmd                              0x08006d30   Section        0  stm32f10x_usart.o(i.USART_Cmd)
    i.USART_GetITStatus                      0x08006d48   Section        0  stm32f10x_usart.o(i.USART_GetITStatus)
    i.USART_ITConfig                         0x08006d9c   Section        0  stm32f10x_usart.o(i.USART_ITConfig)
    i.USART_Init                             0x08006de8   Section        0  stm32f10x_usart.o(i.USART_Init)
    i.USART_ReceiveData                      0x08006ec0   Section        0  stm32f10x_usart.o(i.USART_ReceiveData)
    i.UsageFault_Handler                     0x08006eca   Section        0  stm32f10x_it.o(i.UsageFault_Handler)
    i.__ARM_fpclassify                       0x08006ece   Section        0  fpclassify.o(i.__ARM_fpclassify)
    i.__ieee754_rem_pio2                     0x08006ef8   Section        0  rred.o(i.__ieee754_rem_pio2)
    i.__kernel_poly                          0x08007280   Section        0  poly.o(i.__kernel_poly)
    i.__kernel_tan                           0x0800732c   Section        0  tan_i.o(i.__kernel_tan)
    i.__mathlib_dbl_infnan                   0x080075a8   Section        0  dunder.o(i.__mathlib_dbl_infnan)
    i.__mathlib_dbl_invalid                  0x080075ae   Section        0  dunder.o(i.__mathlib_dbl_invalid)
    i.__mathlib_dbl_underflow                0x080075bc   Section        0  dunder.o(i.__mathlib_dbl_underflow)
    i._is_digit                              0x080075cc   Section        0  __printf_wp.o(i._is_digit)
    i._sys_exit                              0x080075da   Section        0  usart.o(i._sys_exit)
    i.acos                                   0x080075e0   Section        0  acos.o(i.acos)
    i.atan                                   0x0800785c   Section        0  atan.o(i.atan)
    i.delay_init                             0x08007a7c   Section        0  delay.o(i.delay_init)
    i.delay_ms                               0x08007ac0   Section        0  delay.o(i.delay_ms)
    i.delay_us                               0x08007b0c   Section        0  delay.o(i.delay_us)
    i.fputc                                  0x08007b58   Section        0  usart.o(i.fputc)
    i.key_init                               0x08007b74   Section        0  key.o(i.key_init)
    i.key_scan                               0x08007bb4   Section        0  key.o(i.key_scan)
    i.led_init                               0x08007c18   Section        0  led.o(i.led_init)
    i.main                                   0x08007c58   Section        0  main.o(i.main)
    i.sqrt                                   0x080083bc   Section        0  sqrt.o(i.sqrt)
    i.tan                                    0x08008408   Section        0  tan.o(i.tan)
    i.uart_init                              0x0800846c   Section        0  usart.o(i.uart_init)
    x$fpl$d2f                                0x0800850c   Section       98  d2f.o(x$fpl$d2f)
    x$fpl$dadd                               0x08008570   Section      336  daddsub_clz.o(x$fpl$dadd)
    _dadd1                                   0x08008581   Thumb Code     0  daddsub_clz.o(x$fpl$dadd)
    x$fpl$dcheck1                            0x080086c0   Section       16  dcheck1.o(x$fpl$dcheck1)
    x$fpl$ddiv                               0x080086d0   Section      688  ddiv.o(x$fpl$ddiv)
    ddiv_entry                               0x080086d7   Thumb Code     0  ddiv.o(x$fpl$ddiv)
    x$fpl$dfix                               0x08008980   Section       94  dfix.o(x$fpl$dfix)
    x$fpl$dfixu                              0x080089e0   Section       90  dfixu.o(x$fpl$dfixu)
    x$fpl$dflt                               0x08008a3a   Section       46  dflt_clz.o(x$fpl$dflt)
    x$fpl$dfltu                              0x08008a68   Section       38  dflt_clz.o(x$fpl$dfltu)
    x$fpl$dmul                               0x08008a90   Section      340  dmul.o(x$fpl$dmul)
    x$fpl$dnaninf                            0x08008be4   Section      156  dnaninf.o(x$fpl$dnaninf)
    x$fpl$dretinf                            0x08008c80   Section       12  dretinf.o(x$fpl$dretinf)
    x$fpl$drsb                               0x08008c8c   Section       22  daddsub_clz.o(x$fpl$drsb)
    x$fpl$dsqrt                              0x08008ca4   Section      460  dsqrt_noumaal.o(x$fpl$dsqrt)
    x$fpl$dsub                               0x08008e70   Section      468  daddsub_clz.o(x$fpl$dsub)
    _dsub1                                   0x08008e81   Thumb Code     0  daddsub_clz.o(x$fpl$dsub)
    x$fpl$f2d                                0x08009044   Section       86  f2d.o(x$fpl$f2d)
    x$fpl$fadd                               0x0800909c   Section      196  faddsub_clz.o(x$fpl$fadd)
    _fadd1                                   0x080090ab   Thumb Code     0  faddsub_clz.o(x$fpl$fadd)
    x$fpl$fcmpinf                            0x08009160   Section       24  fcmpi.o(x$fpl$fcmpinf)
    x$fpl$fdiv                               0x08009178   Section      388  fdiv.o(x$fpl$fdiv)
    _fdiv1                                   0x08009179   Thumb Code     0  fdiv.o(x$fpl$fdiv)
    x$fpl$ffix                               0x080092fc   Section       54  ffix.o(x$fpl$ffix)
    x$fpl$ffixu                              0x08009334   Section       62  ffixu.o(x$fpl$ffixu)
    x$fpl$fflt                               0x08009374   Section       48  fflt_clz.o(x$fpl$fflt)
    x$fpl$ffltu                              0x080093a4   Section       38  fflt_clz.o(x$fpl$ffltu)
    x$fpl$fleqf                              0x080093cc   Section      104  fleqf.o(x$fpl$fleqf)
    x$fpl$fmul                               0x08009434   Section      258  fmul.o(x$fpl$fmul)
    x$fpl$fnaninf                            0x08009536   Section      140  fnaninf.o(x$fpl$fnaninf)
    x$fpl$fretinf                            0x080095c2   Section       10  fretinf.o(x$fpl$fretinf)
    x$fpl$frleqf                             0x080095cc   Section       98  frleqf.o(x$fpl$frleqf)
    x$fpl$frsb                               0x0800962e   Section       20  faddsub_clz.o(x$fpl$frsb)
    x$fpl$fsub                               0x08009644   Section      234  faddsub_clz.o(x$fpl$fsub)
    _fsub1                                   0x08009653   Thumb Code     0  faddsub_clz.o(x$fpl$fsub)
    x$fpl$retnan                             0x0800972e   Section      100  retnan.o(x$fpl$retnan)
    x$fpl$scalbn                             0x08009792   Section       92  scalbn.o(x$fpl$scalbn)
    x$fpl$trapveneer                         0x080097ee   Section       48  trapv.o(x$fpl$trapveneer)
    .constdata                               0x0800981e   Section     6080  lcd.o(.constdata)
    x$fpl$usenofp                            0x0800981e   Section        0  usenofp.o(x$fpl$usenofp)
    .constdata                               0x0800afde   Section       40  _printf_hex_int.o(.constdata)
    uc_hextab                                0x0800afde   Data          20  _printf_hex_int.o(.constdata)
    lc_hextab                                0x0800aff2   Data          20  _printf_hex_int.o(.constdata)
    .constdata                               0x0800b006   Section       17  __printf_flags_wp.o(.constdata)
    maptable                                 0x0800b006   Data          17  __printf_flags_wp.o(.constdata)
    .constdata                               0x0800b018   Section       80  acos.o(.constdata)
    pS                                       0x0800b018   Data          48  acos.o(.constdata)
    qS                                       0x0800b048   Data          32  acos.o(.constdata)
    .constdata                               0x0800b068   Section      152  atan.o(.constdata)
    atanhi                                   0x0800b068   Data          32  atan.o(.constdata)
    atanlo                                   0x0800b088   Data          32  atan.o(.constdata)
    aTodd                                    0x0800b0a8   Data          40  atan.o(.constdata)
    aTeven                                   0x0800b0d0   Data          48  atan.o(.constdata)
    .constdata                               0x0800b100   Section      200  rred.o(.constdata)
    pio2s                                    0x0800b100   Data          48  rred.o(.constdata)
    twooverpi                                0x0800b130   Data         152  rred.o(.constdata)
    .constdata                               0x0800b1c8   Section       96  tan_i.o(.constdata)
    Todd                                     0x0800b1c8   Data          48  tan_i.o(.constdata)
    Teven                                    0x0800b1f8   Data          48  tan_i.o(.constdata)
    .data                                    0x20000000   Section     4144  main.o(.data)
    n                                        0x20001028   Data           4  main.o(.data)
    count                                    0x2000102c   Data           4  main.o(.data)
    .data                                    0x20001030   Section       20  system_stm32f10x.o(.data)
    .data                                    0x20001044   Section       20  stm32f10x_rcc.o(.data)
    APBAHBPrescTable                         0x20001044   Data          16  stm32f10x_rcc.o(.data)
    ADCPrescTable                            0x20001054   Data           4  stm32f10x_rcc.o(.data)
    .data                                    0x20001058   Section        4  delay.o(.data)
    fac_us                                   0x20001058   Data           1  delay.o(.data)
    fac_ms                                   0x2000105a   Data           2  delay.o(.data)
    .data                                    0x2000105c   Section        6  usart.o(.data)
    .data                                    0x20001062   Section        1  key.o(.data)
    key                                      0x20001062   Data           1  key.o(.data)
    .data                                    0x20001064   Section        4  lcd.o(.data)
    .data                                    0x20001068   Section        4  fft_calculate.o(.data)
    .bss                                     0x2000106c   Section     2248  main.o(.bss)
    .bss                                     0x20001934   Section      200  usart.o(.bss)
    .bss                                     0x200019fc   Section       14  lcd.o(.bss)
    .bss                                     0x20001a0c   Section     1068  dma.o(.bss)
    .bss                                     0x20001e38   Section     2048  fft_calculate.o(.bss)
    .bss                                     0x20002638   Section       96  libspace.o(.bss)
    HEAP                                     0x20002698   Section      512  startup_stm32f10x_hd.o(HEAP)
    Heap_Mem                                 0x20002698   Data         512  startup_stm32f10x_hd.o(HEAP)
    STACK                                    0x20002898   Section     1024  startup_stm32f10x_hd.o(STACK)
    Stack_Mem                                0x20002898   Data        1024  startup_stm32f10x_hd.o(STACK)
    __initial_sp                             0x20002c98   Data           0  startup_stm32f10x_hd.o(STACK)

    Global Symbols

    Symbol Name                              Value     Ov Type        Size  Object(Section)

    BuildAttributes$$THM_ISAv4$P$D$K$B$S$PE$A:L22UL41UL21$X:L11$S22US41US21$IEEE1$IW$USESV6$~STKCKD$USESV7$~SHL$OTIME$ROPI$IEEEX$EBA8$UX$STANDARDLIB$REQ8$PRES8$EABIv2 0x00000000   Number         0  anon$$obj.o ABSOLUTE
    __ARM_use_no_argv                        0x00000000   Number         0  main.o ABSOLUTE
    _printf_flags                            0x00000000   Number         0  printf_stubs.o ABSOLUTE
    _printf_return_value                     0x00000000   Number         0  printf_stubs.o ABSOLUTE
    _printf_sizespec                         0x00000000   Number         0  printf_stubs.o ABSOLUTE
    _printf_widthprec                        0x00000000   Number         0  printf_stubs.o ABSOLUTE
    __ARM_exceptions_init                     - Undefined Weak Reference
    __alloca_initialize                       - Undefined Weak Reference
    __arm_preinit_                            - Undefined Weak Reference
    __cpp_initialize__aeabi_                  - Undefined Weak Reference
    __cxa_finalize                            - Undefined Weak Reference
    __rt_locale                               - Undefined Weak Reference
    __sigvec_lookup                           - Undefined Weak Reference
    _atexit_init                              - Undefined Weak Reference
    _call_atexit_fns                          - Undefined Weak Reference
    _clock_init                               - Undefined Weak Reference
    _fp_trap_init                             - Undefined Weak Reference
    _fp_trap_shutdown                         - Undefined Weak Reference
    _get_lc_collate                           - Undefined Weak Reference
    _get_lc_ctype                             - Undefined Weak Reference
    _get_lc_monetary                          - Undefined Weak Reference
    _get_lc_numeric                           - Undefined Weak Reference
    _get_lc_time                              - Undefined Weak Reference
    _getenv_init                              - Undefined Weak Reference
    _handle_redirection                       - Undefined Weak Reference
    _init_alloc                               - Undefined Weak Reference
    _init_user_alloc                          - Undefined Weak Reference
    _initio                                   - Undefined Weak Reference
    _mutex_acquire                            - Undefined Weak Reference
    _mutex_release                            - Undefined Weak Reference
    _printf_truncate_unsigned                 - Undefined Weak Reference
    _rand_init                                - Undefined Weak Reference
    _signal_finish                            - Undefined Weak Reference
    _signal_init                              - Undefined Weak Reference
    _terminate_alloc                          - Undefined Weak Reference
    _terminate_user_alloc                     - Undefined Weak Reference
    _terminateio                              - Undefined Weak Reference
    __Vectors_Size                           0x00000130   Number         0  startup_stm32f10x_hd.o ABSOLUTE
    __Vectors                                0x08000000   Data           4  startup_stm32f10x_hd.o(RESET)
    __Vectors_End                            0x08000130   Data           0  startup_stm32f10x_hd.o(RESET)
    __main                                   0x08000131   Thumb Code     8  __main.o(!!!main)
    __scatterload                            0x08000139   Thumb Code     0  __scatter.o(!!!scatter)
    __scatterload_rt2                        0x08000139   Thumb Code    44  __scatter.o(!!!scatter)
    __scatterload_rt2_thumb_only             0x08000139   Thumb Code     0  __scatter.o(!!!scatter)
    __scatterload_null                       0x08000147   Thumb Code     0  __scatter.o(!!!scatter)
    __decompress                             0x0800016d   Thumb Code   100  __dclz77c.o(!!dclz77c)
    __decompress2                            0x0800016d   Thumb Code     0  __dclz77c.o(!!dclz77c)
    __scatterload_zeroinit                   0x080001d1   Thumb Code    28  __scatter_zi.o(!!handler_zi)
    _printf_percent                          0x080001ed   Thumb Code     0  _printf_percent.o(.ARM.Collect$$_printf_percent$$00000000)
    _printf_x                                0x080001ed   Thumb Code     0  _printf_x.o(.ARM.Collect$$_printf_percent$$0000000C)
    _printf_percent_end                      0x080001f3   Thumb Code     0  _printf_percent_end.o(.ARM.Collect$$_printf_percent$$00000017)
    __rt_lib_init                            0x080001f7   Thumb Code     0  libinit.o(.ARM.Collect$$libinit$$00000000)
    __rt_lib_init_alloca_1                   0x080001f9   Thumb Code     0  libinit2.o(.ARM.Collect$$libinit$$0000002E)
    __rt_lib_init_argv_1                     0x080001f9   Thumb Code     0  libinit2.o(.ARM.Collect$$libinit$$0000002C)
    __rt_lib_init_atexit_1                   0x080001f9   Thumb Code     0  libinit2.o(.ARM.Collect$$libinit$$0000001B)
    __rt_lib_init_clock_1                    0x080001f9   Thumb Code     0  libinit2.o(.ARM.Collect$$libinit$$00000021)
    __rt_lib_init_cpp_1                      0x080001f9   Thumb Code     0  libinit2.o(.ARM.Collect$$libinit$$00000032)
    __rt_lib_init_exceptions_1               0x080001f9   Thumb Code     0  libinit2.o(.ARM.Collect$$libinit$$00000030)
    __rt_lib_init_fp_1                       0x080001f9   Thumb Code     0  libinit2.o(.ARM.Collect$$libinit$$00000002)
    __rt_lib_init_fp_trap_1                  0x080001f9   Thumb Code     0  libinit2.o(.ARM.Collect$$libinit$$0000001F)
    __rt_lib_init_getenv_1                   0x080001f9   Thumb Code     0  libinit2.o(.ARM.Collect$$libinit$$00000023)
    __rt_lib_init_heap_1                     0x080001f9   Thumb Code     0  libinit2.o(.ARM.Collect$$libinit$$0000000A)
    __rt_lib_init_lc_collate_1               0x080001f9   Thumb Code     0  libinit2.o(.ARM.Collect$$libinit$$00000011)
    __rt_lib_init_lc_ctype_1                 0x080001f9   Thumb Code     0  libinit2.o(.ARM.Collect$$libinit$$00000013)
    __rt_lib_init_lc_monetary_1              0x080001f9   Thumb Code     0  libinit2.o(.ARM.Collect$$libinit$$00000015)
    __rt_lib_init_lc_numeric_1               0x080001f9   Thumb Code     0  libinit2.o(.ARM.Collect$$libinit$$00000017)
    __rt_lib_init_lc_time_1                  0x080001f9   Thumb Code     0  libinit2.o(.ARM.Collect$$libinit$$00000019)
    __rt_lib_init_preinit_1                  0x080001f9   Thumb Code     0  libinit2.o(.ARM.Collect$$libinit$$00000004)
    __rt_lib_init_rand_1                     0x080001f9   Thumb Code     0  libinit2.o(.ARM.Collect$$libinit$$0000000E)
    __rt_lib_init_return                     0x080001f9   Thumb Code     0  libinit2.o(.ARM.Collect$$libinit$$00000033)
    __rt_lib_init_signal_1                   0x080001f9   Thumb Code     0  libinit2.o(.ARM.Collect$$libinit$$0000001D)
    __rt_lib_init_stdio_1                    0x080001f9   Thumb Code     0  libinit2.o(.ARM.Collect$$libinit$$00000025)
    __rt_lib_init_user_alloc_1               0x080001f9   Thumb Code     0  libinit2.o(.ARM.Collect$$libinit$$0000000C)
    __rt_lib_shutdown                        0x080001fb   Thumb Code     0  libshutdown.o(.ARM.Collect$$libshutdown$$00000000)
    __rt_lib_shutdown_cpp_1                  0x080001fd   Thumb Code     0  libshutdown2.o(.ARM.Collect$$libshutdown$$00000002)
    __rt_lib_shutdown_fp_trap_1              0x080001fd   Thumb Code     0  libshutdown2.o(.ARM.Collect$$libshutdown$$00000007)
    __rt_lib_shutdown_heap_1                 0x080001fd   Thumb Code     0  libshutdown2.o(.ARM.Collect$$libshutdown$$0000000F)
    __rt_lib_shutdown_return                 0x080001fd   Thumb Code     0  libshutdown2.o(.ARM.Collect$$libshutdown$$00000010)
    __rt_lib_shutdown_signal_1               0x080001fd   Thumb Code     0  libshutdown2.o(.ARM.Collect$$libshutdown$$0000000A)
    __rt_lib_shutdown_stdio_1                0x080001fd   Thumb Code     0  libshutdown2.o(.ARM.Collect$$libshutdown$$00000004)
    __rt_lib_shutdown_user_alloc_1           0x080001fd   Thumb Code     0  libshutdown2.o(.ARM.Collect$$libshutdown$$0000000C)
    __rt_entry                               0x080001ff   Thumb Code     0  __rtentry.o(.ARM.Collect$$rtentry$$00000000)
    __rt_entry_presh_1                       0x080001ff   Thumb Code     0  __rtentry2.o(.ARM.Collect$$rtentry$$00000002)
    __rt_entry_sh                            0x080001ff   Thumb Code     0  __rtentry4.o(.ARM.Collect$$rtentry$$00000004)
    __rt_entry_li                            0x08000205   Thumb Code     0  __rtentry2.o(.ARM.Collect$$rtentry$$0000000A)
    __rt_entry_postsh_1                      0x08000205   Thumb Code     0  __rtentry2.o(.ARM.Collect$$rtentry$$00000009)
    __rt_entry_main                          0x08000209   Thumb Code     0  __rtentry2.o(.ARM.Collect$$rtentry$$0000000D)
    __rt_entry_postli_1                      0x08000209   Thumb Code     0  __rtentry2.o(.ARM.Collect$$rtentry$$0000000C)
    __rt_exit                                0x08000211   Thumb Code     0  rtexit.o(.ARM.Collect$$rtexit$$00000000)
    __rt_exit_ls                             0x08000213   Thumb Code     0  rtexit2.o(.ARM.Collect$$rtexit$$00000003)
    __rt_exit_prels_1                        0x08000213   Thumb Code     0  rtexit2.o(.ARM.Collect$$rtexit$$00000002)
    __rt_exit_exit                           0x08000217   Thumb Code     0  rtexit2.o(.ARM.Collect$$rtexit$$00000004)
    Reset_Handler                            0x0800021d   Thumb Code     8  startup_stm32f10x_hd.o(.text)
    ADC1_2_IRQHandler                        0x08000237   Thumb Code     0  startup_stm32f10x_hd.o(.text)
    ADC3_IRQHandler                          0x08000237   Thumb Code     0  startup_stm32f10x_hd.o(.text)
    CAN1_RX1_IRQHandler                      0x08000237   Thumb Code     0  startup_stm32f10x_hd.o(.text)
    CAN1_SCE_IRQHandler                      0x08000237   Thumb Code     0  startup_stm32f10x_hd.o(.text)
    DMA1_Channel2_IRQHandler                 0x08000237   Thumb Code     0  startup_stm32f10x_hd.o(.text)
    DMA1_Channel3_IRQHandler                 0x08000237   Thumb Code     0  startup_stm32f10x_hd.o(.text)
    DMA1_Channel4_IRQHandler                 0x08000237   Thumb Code     0  startup_stm32f10x_hd.o(.text)
    DMA1_Channel5_IRQHandler                 0x08000237   Thumb Code     0  startup_stm32f10x_hd.o(.text)
    DMA1_Channel6_IRQHandler                 0x08000237   Thumb Code     0  startup_stm32f10x_hd.o(.text)
    DMA1_Channel7_IRQHandler                 0x08000237   Thumb Code     0  startup_stm32f10x_hd.o(.text)
    DMA2_Channel1_IRQHandler                 0x08000237   Thumb Code     0  startup_stm32f10x_hd.o(.text)
    DMA2_Channel2_IRQHandler                 0x08000237   Thumb Code     0  startup_stm32f10x_hd.o(.text)
    DMA2_Channel3_IRQHandler                 0x08000237   Thumb Code     0  startup_stm32f10x_hd.o(.text)
    DMA2_Channel4_5_IRQHandler               0x08000237   Thumb Code     0  startup_stm32f10x_hd.o(.text)
    EXTI0_IRQHandler                         0x08000237   Thumb Code     0  startup_stm32f10x_hd.o(.text)
    EXTI15_10_IRQHandler                     0x08000237   Thumb Code     0  startup_stm32f10x_hd.o(.text)
    EXTI1_IRQHandler                         0x08000237   Thumb Code     0  startup_stm32f10x_hd.o(.text)
    EXTI2_IRQHandler                         0x08000237   Thumb Code     0  startup_stm32f10x_hd.o(.text)
    EXTI3_IRQHandler                         0x08000237   Thumb Code     0  startup_stm32f10x_hd.o(.text)
    EXTI4_IRQHandler                         0x08000237   Thumb Code     0  startup_stm32f10x_hd.o(.text)
    EXTI9_5_IRQHandler                       0x08000237   Thumb Code     0  startup_stm32f10x_hd.o(.text)
    FLASH_IRQHandler                         0x08000237   Thumb Code     0  startup_stm32f10x_hd.o(.text)
    FSMC_IRQHandler                          0x08000237   Thumb Code     0  startup_stm32f10x_hd.o(.text)
    I2C1_ER_IRQHandler                       0x08000237   Thumb Code     0  startup_stm32f10x_hd.o(.text)
    I2C1_EV_IRQHandler                       0x08000237   Thumb Code     0  startup_stm32f10x_hd.o(.text)
    I2C2_ER_IRQHandler                       0x08000237   Thumb Code     0  startup_stm32f10x_hd.o(.text)
    I2C2_EV_IRQHandler                       0x08000237   Thumb Code     0  startup_stm32f10x_hd.o(.text)
    PVD_IRQHandler                           0x08000237   Thumb Code     0  startup_stm32f10x_hd.o(.text)
    RCC_IRQHandler                           0x08000237   Thumb Code     0  startup_stm32f10x_hd.o(.text)
    RTCAlarm_IRQHandler                      0x08000237   Thumb Code     0  startup_stm32f10x_hd.o(.text)
    RTC_IRQHandler                           0x08000237   Thumb Code     0  startup_stm32f10x_hd.o(.text)
    SDIO_IRQHandler                          0x08000237   Thumb Code     0  startup_stm32f10x_hd.o(.text)
    SPI1_IRQHandler                          0x08000237   Thumb Code     0  startup_stm32f10x_hd.o(.text)
    SPI2_IRQHandler                          0x08000237   Thumb Code     0  startup_stm32f10x_hd.o(.text)
    SPI3_IRQHandler                          0x08000237   Thumb Code     0  startup_stm32f10x_hd.o(.text)
    TAMPER_IRQHandler                        0x08000237   Thumb Code     0  startup_stm32f10x_hd.o(.text)
    TIM1_BRK_IRQHandler                      0x08000237   Thumb Code     0  startup_stm32f10x_hd.o(.text)
    TIM1_CC_IRQHandler                       0x08000237   Thumb Code     0  startup_stm32f10x_hd.o(.text)
    TIM1_TRG_COM_IRQHandler                  0x08000237   Thumb Code     0  startup_stm32f10x_hd.o(.text)
    TIM1_UP_IRQHandler                       0x08000237   Thumb Code     0  startup_stm32f10x_hd.o(.text)
    TIM2_IRQHandler                          0x08000237   Thumb Code     0  startup_stm32f10x_hd.o(.text)
    TIM3_IRQHandler                          0x08000237   Thumb Code     0  startup_stm32f10x_hd.o(.text)
    TIM4_IRQHandler                          0x08000237   Thumb Code     0  startup_stm32f10x_hd.o(.text)
    TIM5_IRQHandler                          0x08000237   Thumb Code     0  startup_stm32f10x_hd.o(.text)
    TIM6_IRQHandler                          0x08000237   Thumb Code     0  startup_stm32f10x_hd.o(.text)
    TIM7_IRQHandler                          0x08000237   Thumb Code     0  startup_stm32f10x_hd.o(.text)
    TIM8_BRK_IRQHandler                      0x08000237   Thumb Code     0  startup_stm32f10x_hd.o(.text)
    TIM8_CC_IRQHandler                       0x08000237   Thumb Code     0  startup_stm32f10x_hd.o(.text)
    TIM8_TRG_COM_IRQHandler                  0x08000237   Thumb Code     0  startup_stm32f10x_hd.o(.text)
    TIM8_UP_IRQHandler                       0x08000237   Thumb Code     0  startup_stm32f10x_hd.o(.text)
    UART4_IRQHandler                         0x08000237   Thumb Code     0  startup_stm32f10x_hd.o(.text)
    UART5_IRQHandler                         0x08000237   Thumb Code     0  startup_stm32f10x_hd.o(.text)
    USART2_IRQHandler                        0x08000237   Thumb Code     0  startup_stm32f10x_hd.o(.text)
    USART3_IRQHandler                        0x08000237   Thumb Code     0  startup_stm32f10x_hd.o(.text)
    USBWakeUp_IRQHandler                     0x08000237   Thumb Code     0  startup_stm32f10x_hd.o(.text)
    USB_HP_CAN1_TX_IRQHandler                0x08000237   Thumb Code     0  startup_stm32f10x_hd.o(.text)
    USB_LP_CAN1_RX0_IRQHandler               0x08000237   Thumb Code     0  startup_stm32f10x_hd.o(.text)
    WWDG_IRQHandler                          0x08000237   Thumb Code     0  startup_stm32f10x_hd.o(.text)
    __user_initial_stackheap                 0x08000239   Thumb Code     0  startup_stm32f10x_hd.o(.text)
    cr4_fft_256_stm32                        0x0800025d   Thumb Code     0  cr4_fft_256_stm32.o(.text)
    __use_no_semihosting                     0x0800083b   Thumb Code     2  use_no_semi_2.o(.text)
    __2printf                                0x0800083d   Thumb Code    20  noretval__2printf.o(.text)
    __2sprintf                               0x08000855   Thumb Code    34  noretval__2sprintf.o(.text)
    _printf_pre_padding                      0x0800087d   Thumb Code    44  _printf_pad.o(.text)
    _printf_post_padding                     0x080008a9   Thumb Code    34  _printf_pad.o(.text)
    _printf_int_hex                          0x080008cd   Thumb Code    84  _printf_hex_int.o(.text)
    _printf_longlong_hex                     0x080008cd   Thumb Code     0  _printf_hex_int.o(.text)
    __printf                                 0x08000925   Thumb Code   308  __printf_flags_wp.o(.text)
    __use_two_region_memory                  0x08000a5d   Thumb Code     2  heapauxi.o(.text)
    __rt_heap_escrow$2region                 0x08000a5f   Thumb Code     2  heapauxi.o(.text)
    __rt_heap_expand$2region                 0x08000a61   Thumb Code     2  heapauxi.o(.text)
    __I$use$semihosting                      0x08000a63   Thumb Code     0  use_no_semi.o(.text)
    __use_no_semihosting_swi                 0x08000a63   Thumb Code     2  use_no_semi.o(.text)
    __read_errno                             0x08000a65   Thumb Code    10  _rserrno.o(.text)
    __set_errno                              0x08000a6f   Thumb Code    12  _rserrno.o(.text)
    _printf_int_common                       0x08000a7b   Thumb Code   178  _printf_intcommon.o(.text)
    _printf_char_common                      0x08000b37   Thumb Code    32  _printf_char_common.o(.text)
    _sputc                                   0x08000b5d   Thumb Code    10  _sputc.o(.text)
    _printf_char_file                        0x08000b69   Thumb Code    32  _printf_char_file.o(.text)
    __aeabi_errno_addr                       0x08000b8d   Thumb Code     8  rt_errno_addr_intlibspace.o(.text)
    __errno$intlibspace                      0x08000b8d   Thumb Code     0  rt_errno_addr_intlibspace.o(.text)
    __rt_errno_addr$intlibspace              0x08000b8d   Thumb Code     0  rt_errno_addr_intlibspace.o(.text)
    ferror                                   0x08000b95   Thumb Code     8  ferror.o(.text)
    __user_libspace                          0x08000b9d   Thumb Code     8  libspace.o(.text)
    __user_perproc_libspace                  0x08000b9d   Thumb Code     0  libspace.o(.text)
    __user_perthread_libspace                0x08000b9d   Thumb Code     0  libspace.o(.text)
    __user_setup_stackheap                   0x08000ba5   Thumb Code    74  sys_stackheap_outer.o(.text)
    exit                                     0x08000bef   Thumb Code    18  exit.o(.text)
    ADC_Cmd                                  0x08000c01   Thumb Code    22  stm32f10x_adc.o(i.ADC_Cmd)
    ADC_DMACmd                               0x08000c17   Thumb Code    22  stm32f10x_adc.o(i.ADC_DMACmd)
    ADC_DeInit                               0x08000c2d   Thumb Code    78  stm32f10x_adc.o(i.ADC_DeInit)
    ADC_ExternalTrigConvCmd                  0x08000c89   Thumb Code    22  stm32f10x_adc.o(i.ADC_ExternalTrigConvCmd)
    ADC_GetCalibrationStatus                 0x08000c9f   Thumb Code    20  stm32f10x_adc.o(i.ADC_GetCalibrationStatus)
    ADC_GetResetCalibrationStatus            0x08000cb3   Thumb Code    20  stm32f10x_adc.o(i.ADC_GetResetCalibrationStatus)
    ADC_Init                                 0x08000cc9   Thumb Code    70  stm32f10x_adc.o(i.ADC_Init)
    ADC_RegularChannelConfig                 0x08000d19   Thumb Code   184  stm32f10x_adc.o(i.ADC_RegularChannelConfig)
    ADC_ResetCalibration                     0x08000dd1   Thumb Code    10  stm32f10x_adc.o(i.ADC_ResetCalibration)
    ADC_StartCalibration                     0x08000ddb   Thumb Code    10  stm32f10x_adc.o(i.ADC_StartCalibration)
    Adc_Init                                 0x08000de5   Thumb Code   166  adc.o(i.Adc_Init)
    BusFault_Handler                         0x08000e95   Thumb Code     4  stm32f10x_it.o(i.BusFault_Handler)
    DMA1_Channel1_IRQHandler                 0x08000e99   Thumb Code   590  main.o(i.DMA1_Channel1_IRQHandler)
    DMA_ClearFlag                            0x08001155   Thumb Code    18  stm32f10x_dma.o(i.DMA_ClearFlag)
    DMA_ClearITPendingBit                    0x08001171   Thumb Code    18  stm32f10x_dma.o(i.DMA_ClearITPendingBit)
    DMA_Cmd                                  0x0800118d   Thumb Code    24  stm32f10x_dma.o(i.DMA_Cmd)
    DMA_DeInit                               0x080011a5   Thumb Code   324  stm32f10x_dma.o(i.DMA_DeInit)
    DMA_GetITStatus                          0x080012f1   Thumb Code    36  stm32f10x_dma.o(i.DMA_GetITStatus)
    DMA_ITConfig                             0x0800131d   Thumb Code    18  stm32f10x_dma.o(i.DMA_ITConfig)
    DMA_Init                                 0x0800132f   Thumb Code    60  stm32f10x_dma.o(i.DMA_Init)
    DMA_SetCurrDataCounter                   0x0800136b   Thumb Code     4  stm32f10x_dma.o(i.DMA_SetCurrDataCounter)
    DebugMon_Handler                         0x0800136f   Thumb Code     2  stm32f10x_it.o(i.DebugMon_Handler)
    FFT_Compute                              0x08001371   Thumb Code    54  fft_calculate.o(i.FFT_Compute)
    GPIO_Init                                0x080013b1   Thumb Code   278  stm32f10x_gpio.o(i.GPIO_Init)
    GPIO_PinRemapConfig                      0x080014c9   Thumb Code   138  stm32f10x_gpio.o(i.GPIO_PinRemapConfig)
    GPIO_SetBits                             0x08001559   Thumb Code     4  stm32f10x_gpio.o(i.GPIO_SetBits)
    GetPowerMag                              0x0800155d   Thumb Code   430  fft_calculate.o(i.GetPowerMag)
    HardFault_Handler                        0x08001721   Thumb Code     4  stm32f10x_it.o(i.HardFault_Handler)
    LCD_Clear                                0x08001725   Thumb Code   122  lcd.o(i.LCD_Clear)
    LCD_Display_Dir                          0x080017ad   Thumb Code   444  lcd.o(i.LCD_Display_Dir)
    LCD_Fast_DrawPoint                       0x0800196d   Thumb Code   854  lcd.o(i.LCD_Fast_DrawPoint)
    LCD_Init                                 0x08001cd1   Thumb Code 15292  lcd.o(i.LCD_Init)
    LCD_Pow                                  0x0800588d   Thumb Code    22  lcd.o(i.LCD_Pow)
    LCD_RD_DATA                              0x080058a5   Thumb Code    98  lcd.o(i.LCD_RD_DATA)
    LCD_ReadReg                              0x08005915   Thumb Code    16  lcd.o(i.LCD_ReadReg)
    LCD_SSD_BackLightSet                     0x08005925   Thumb Code   198  lcd.o(i.LCD_SSD_BackLightSet)
    LCD_Scan_Dir                             0x080059f9   Thumb Code  1112  lcd.o(i.LCD_Scan_Dir)
    LCD_SetCursor                            0x08005e51   Thumb Code   944  lcd.o(i.LCD_SetCursor)
    LCD_ShowChar                             0x0800620d   Thumb Code   272  lcd.o(i.LCD_ShowChar)
    LCD_ShowString                           0x08006335   Thumb Code   102  lcd.o(i.LCD_ShowString)
    LCD_ShowxNum                             0x0800639b   Thumb Code   190  lcd.o(i.LCD_ShowxNum)
    LCD_WR_DATAX                             0x08006459   Thumb Code    28  lcd.o(i.LCD_WR_DATAX)
    LCD_WR_REG                               0x0800647d   Thumb Code    28  lcd.o(i.LCD_WR_REG)
    LCD_WriteRAM_Prepare                     0x080064a1   Thumb Code    12  lcd.o(i.LCD_WriteRAM_Prepare)
    LCD_WriteReg                             0x080064b1   Thumb Code    40  lcd.o(i.LCD_WriteReg)
    MYDMA_Config                             0x080064e1   Thumb Code    98  dma.o(i.MYDMA_Config)
    MemManage_Handler                        0x08006551   Thumb Code     4  stm32f10x_it.o(i.MemManage_Handler)
    Mid_Value_Filter                         0x08006555   Thumb Code   154  main.o(i.Mid_Value_Filter)
    NMI_Handler                              0x080065ef   Thumb Code     2  stm32f10x_it.o(i.NMI_Handler)
    NVIC_Configuration                       0x080065f1   Thumb Code    40  main.o(i.NVIC_Configuration)
    NVIC_Init                                0x08006619   Thumb Code   100  misc.o(i.NVIC_Init)
    NVIC_PriorityGroupConfig                 0x08006689   Thumb Code    10  misc.o(i.NVIC_PriorityGroupConfig)
    PendSV_Handler                           0x0800669d   Thumb Code     2  stm32f10x_it.o(i.PendSV_Handler)
    RCC_ADCCLKConfig                         0x080066a1   Thumb Code    18  stm32f10x_rcc.o(i.RCC_ADCCLKConfig)
    RCC_AHBPeriphClockCmd                    0x080066b9   Thumb Code    26  stm32f10x_rcc.o(i.RCC_AHBPeriphClockCmd)
    RCC_APB1PeriphClockCmd                   0x080066d9   Thumb Code    26  stm32f10x_rcc.o(i.RCC_APB1PeriphClockCmd)
    RCC_APB2PeriphClockCmd                   0x080066f9   Thumb Code    26  stm32f10x_rcc.o(i.RCC_APB2PeriphClockCmd)
    RCC_APB2PeriphResetCmd                   0x08006719   Thumb Code    26  stm32f10x_rcc.o(i.RCC_APB2PeriphResetCmd)
    RCC_GetClocksFreq                        0x08006739   Thumb Code   192  stm32f10x_rcc.o(i.RCC_GetClocksFreq)
    SVC_Handler                              0x0800680d   Thumb Code     2  stm32f10x_it.o(i.SVC_Handler)
    SysTick_CLKSourceConfig                  0x080068f9   Thumb Code    40  misc.o(i.SysTick_CLKSourceConfig)
    SysTick_Handler                          0x08006921   Thumb Code     2  stm32f10x_it.o(i.SysTick_Handler)
    SystemInit                               0x08006925   Thumb Code    78  system_stm32f10x.o(i.SystemInit)
    TIM1_PWM_Init                            0x08006985   Thumb Code   134  timer.o(i.TIM1_PWM_Init)
    TIM2_PWM_Init                            0x08006a15   Thumb Code   140  timer.o(i.TIM2_PWM_Init)
    TIM_Cmd                                  0x08006aa5   Thumb Code    24  stm32f10x_tim.o(i.TIM_Cmd)
    TIM_CtrlPWMOutputs                       0x08006abd   Thumb Code    30  stm32f10x_tim.o(i.TIM_CtrlPWMOutputs)
    TIM_OC2Init                              0x08006add   Thumb Code   154  stm32f10x_tim.o(i.TIM_OC2Init)
    TIM_OC4Init                              0x08006b81   Thumb Code   114  stm32f10x_tim.o(i.TIM_OC4Init)
    TIM_SetCompare4                          0x08006bfd   Thumb Code     6  stm32f10x_tim.o(i.TIM_SetCompare4)
    TIM_TimeBaseInit                         0x08006c05   Thumb Code   122  stm32f10x_tim.o(i.TIM_TimeBaseInit)
    USART1_IRQHandler                        0x08006ca9   Thumb Code   122  usart.o(i.USART1_IRQHandler)
    USART_Cmd                                0x08006d31   Thumb Code    24  stm32f10x_usart.o(i.USART_Cmd)
    USART_GetITStatus                        0x08006d49   Thumb Code    84  stm32f10x_usart.o(i.USART_GetITStatus)
    USART_ITConfig                           0x08006d9d   Thumb Code    74  stm32f10x_usart.o(i.USART_ITConfig)
    USART_Init                               0x08006de9   Thumb Code   210  stm32f10x_usart.o(i.USART_Init)
    USART_ReceiveData                        0x08006ec1   Thumb Code    10  stm32f10x_usart.o(i.USART_ReceiveData)
    UsageFault_Handler                       0x08006ecb   Thumb Code     4  stm32f10x_it.o(i.UsageFault_Handler)
    __ARM_fpclassify                         0x08006ecf   Thumb Code    40  fpclassify.o(i.__ARM_fpclassify)
    __ieee754_rem_pio2                       0x08006ef9   Thumb Code   828  rred.o(i.__ieee754_rem_pio2)
    __kernel_poly                            0x08007281   Thumb Code   170  poly.o(i.__kernel_poly)
    __kernel_tan                             0x0800732d   Thumb Code   586  tan_i.o(i.__kernel_tan)
    __mathlib_dbl_infnan                     0x080075a9   Thumb Code     6  dunder.o(i.__mathlib_dbl_infnan)
    __mathlib_dbl_invalid                    0x080075af   Thumb Code    12  dunder.o(i.__mathlib_dbl_invalid)
    __mathlib_dbl_underflow                  0x080075bd   Thumb Code    10  dunder.o(i.__mathlib_dbl_underflow)
    _is_digit                                0x080075cd   Thumb Code    14  __printf_wp.o(i._is_digit)
    _sys_exit                                0x080075db   Thumb Code     4  usart.o(i._sys_exit)
    acos                                     0x080075e1   Thumb Code   574  acos.o(i.acos)
    atan                                     0x0800785d   Thumb Code   474  atan.o(i.atan)
    delay_init                               0x08007a7d   Thumb Code    50  delay.o(i.delay_init)
    delay_ms                                 0x08007ac1   Thumb Code    72  delay.o(i.delay_ms)
    delay_us                                 0x08007b0d   Thumb Code    72  delay.o(i.delay_us)
    fputc                                    0x08007b59   Thumb Code    24  usart.o(i.fputc)
    key_init                                 0x08007b75   Thumb Code    56  key.o(i.key_init)
    key_scan                                 0x08007bb5   Thumb Code    88  key.o(i.key_scan)
    led_init                                 0x08007c19   Thumb Code    58  led.o(i.led_init)
    main                                     0x08007c59   Thumb Code  1810  main.o(i.main)
    sqrt                                     0x080083bd   Thumb Code    76  sqrt.o(i.sqrt)
    tan                                      0x08008409   Thumb Code    90  tan.o(i.tan)
    uart_init                                0x0800846d   Thumb Code   152  usart.o(i.uart_init)
    __aeabi_d2f                              0x0800850d   Thumb Code     0  d2f.o(x$fpl$d2f)
    _d2f                                     0x0800850d   Thumb Code    98  d2f.o(x$fpl$d2f)
    __aeabi_dadd                             0x08008571   Thumb Code     0  daddsub_clz.o(x$fpl$dadd)
    _dadd                                    0x08008571   Thumb Code   332  daddsub_clz.o(x$fpl$dadd)
    __fpl_dcheck_NaN1                        0x080086c1   Thumb Code    10  dcheck1.o(x$fpl$dcheck1)
    __aeabi_ddiv                             0x080086d1   Thumb Code     0  ddiv.o(x$fpl$ddiv)
    _ddiv                                    0x080086d1   Thumb Code   552  ddiv.o(x$fpl$ddiv)
    __aeabi_d2iz                             0x08008981   Thumb Code     0  dfix.o(x$fpl$dfix)
    _dfix                                    0x08008981   Thumb Code    94  dfix.o(x$fpl$dfix)
    __aeabi_d2uiz                            0x080089e1   Thumb Code     0  dfixu.o(x$fpl$dfixu)
    _dfixu                                   0x080089e1   Thumb Code    90  dfixu.o(x$fpl$dfixu)
    __aeabi_i2d                              0x08008a3b   Thumb Code     0  dflt_clz.o(x$fpl$dflt)
    _dflt                                    0x08008a3b   Thumb Code    46  dflt_clz.o(x$fpl$dflt)
    __aeabi_ui2d                             0x08008a69   Thumb Code     0  dflt_clz.o(x$fpl$dfltu)
    _dfltu                                   0x08008a69   Thumb Code    38  dflt_clz.o(x$fpl$dfltu)
    __aeabi_dmul                             0x08008a91   Thumb Code     0  dmul.o(x$fpl$dmul)
    _dmul                                    0x08008a91   Thumb Code   332  dmul.o(x$fpl$dmul)
    __fpl_dnaninf                            0x08008be5   Thumb Code   156  dnaninf.o(x$fpl$dnaninf)
    __fpl_dretinf                            0x08008c81   Thumb Code    12  dretinf.o(x$fpl$dretinf)
    __aeabi_drsub                            0x08008c8d   Thumb Code     0  daddsub_clz.o(x$fpl$drsb)
    _drsb                                    0x08008c8d   Thumb Code    22  daddsub_clz.o(x$fpl$drsb)
    _dsqrt                                   0x08008ca5   Thumb Code   456  dsqrt_noumaal.o(x$fpl$dsqrt)
    __aeabi_dsub                             0x08008e71   Thumb Code     0  daddsub_clz.o(x$fpl$dsub)
    _dsub                                    0x08008e71   Thumb Code   464  daddsub_clz.o(x$fpl$dsub)
    __aeabi_f2d                              0x08009045   Thumb Code     0  f2d.o(x$fpl$f2d)
    _f2d                                     0x08009045   Thumb Code    86  f2d.o(x$fpl$f2d)
    __aeabi_fadd                             0x0800909d   Thumb Code     0  faddsub_clz.o(x$fpl$fadd)
    _fadd                                    0x0800909d   Thumb Code   196  faddsub_clz.o(x$fpl$fadd)
    __fpl_fcmp_Inf                           0x08009161   Thumb Code    24  fcmpi.o(x$fpl$fcmpinf)
    __aeabi_fdiv                             0x08009179   Thumb Code     0  fdiv.o(x$fpl$fdiv)
    _fdiv                                    0x08009179   Thumb Code   384  fdiv.o(x$fpl$fdiv)
    __aeabi_f2iz                             0x080092fd   Thumb Code     0  ffix.o(x$fpl$ffix)
    _ffix                                    0x080092fd   Thumb Code    54  ffix.o(x$fpl$ffix)
    __aeabi_f2uiz                            0x08009335   Thumb Code     0  ffixu.o(x$fpl$ffixu)
    _ffixu                                   0x08009335   Thumb Code    62  ffixu.o(x$fpl$ffixu)
    __aeabi_i2f                              0x08009375   Thumb Code     0  fflt_clz.o(x$fpl$fflt)
    _fflt                                    0x08009375   Thumb Code    48  fflt_clz.o(x$fpl$fflt)
    __aeabi_ui2f                             0x080093a5   Thumb Code     0  fflt_clz.o(x$fpl$ffltu)
    _ffltu                                   0x080093a5   Thumb Code    38  fflt_clz.o(x$fpl$ffltu)
    __aeabi_cfcmple                          0x080093cd   Thumb Code     0  fleqf.o(x$fpl$fleqf)
    _fcmple                                  0x080093cd   Thumb Code   104  fleqf.o(x$fpl$fleqf)
    __fpl_fcmple_InfNaN                      0x0800941f   Thumb Code     0  fleqf.o(x$fpl$fleqf)
    __aeabi_fmul                             0x08009435   Thumb Code     0  fmul.o(x$fpl$fmul)
    _fmul                                    0x08009435   Thumb Code   258  fmul.o(x$fpl$fmul)
    __fpl_fnaninf                            0x08009537   Thumb Code   140  fnaninf.o(x$fpl$fnaninf)
    __fpl_fretinf                            0x080095c3   Thumb Code    10  fretinf.o(x$fpl$fretinf)
    __aeabi_cfrcmple                         0x080095cd   Thumb Code     0  frleqf.o(x$fpl$frleqf)
    _frcmple                                 0x080095cd   Thumb Code    98  frleqf.o(x$fpl$frleqf)
    __aeabi_frsub                            0x0800962f   Thumb Code     0  faddsub_clz.o(x$fpl$frsb)
    _frsb                                    0x0800962f   Thumb Code    20  faddsub_clz.o(x$fpl$frsb)
    __aeabi_fsub                             0x08009645   Thumb Code     0  faddsub_clz.o(x$fpl$fsub)
    _fsub                                    0x08009645   Thumb Code   234  faddsub_clz.o(x$fpl$fsub)
    __fpl_return_NaN                         0x0800972f   Thumb Code   100  retnan.o(x$fpl$retnan)
    __ARM_scalbn                             0x08009793   Thumb Code    92  scalbn.o(x$fpl$scalbn)
    __fpl_cmpreturn                          0x080097ef   Thumb Code    48  trapv.o(x$fpl$trapveneer)
    __I$use$fp                               0x0800981e   Number         0  usenofp.o(x$fpl$usenofp)
    asc2_1206                                0x0800981e   Data        1140  lcd.o(.constdata)
    asc2_1608                                0x08009c92   Data        1520  lcd.o(.constdata)
    asc2_2412                                0x0800a282   Data        3420  lcd.o(.constdata)
    Region$$Table$$Base                      0x0800b228   Number         0  anon$$obj.o(Region$$Table)
    Region$$Table$$Limit                     0x0800b248   Number         0  anon$$obj.o(Region$$Table)
    TableFFT                                 0x20000000   Data        4080  main.o(.data)
    cita                                     0x20000ff0   Data           4  main.o(.data)
    distance                                 0x20000ff4   Data           4  main.o(.data)
    x                                        0x20000ff8   Data           4  main.o(.data)
    y                                        0x20000ffc   Data           4  main.o(.data)
    flag                                     0x20001000   Data           4  main.o(.data)
    calibration                              0x20001004   Data           4  main.o(.data)
    servo_num                                0x20001008   Data           4  main.o(.data)
    v0                                       0x2000100c   Data           4  main.o(.data)
    v1                                       0x20001010   Data           4  main.o(.data)
    angle0                                   0x20001014   Data           4  main.o(.data)
    angle1                                   0x20001018   Data           4  main.o(.data)
    D1                                       0x2000101c   Data           4  main.o(.data)
    tao1                                     0x20001020   Data           4  main.o(.data)
    dt                                       0x20001024   Data           4  main.o(.data)
    SystemCoreClock                          0x20001030   Data           4  system_stm32f10x.o(.data)
    AHBPrescTable                            0x20001034   Data          16  system_stm32f10x.o(.data)
    __stdout                                 0x2000105c   Data           4  usart.o(.data)
    USART_RX_STA                             0x20001060   Data           2  usart.o(.data)
    POINT_COLOR                              0x20001064   Data           2  lcd.o(.data)
    BACK_COLOR                               0x20001066   Data           2  lcd.o(.data)
    angle                                    0x20001068   Data           4  fft_calculate.o(.data)
    ADC_val0                                 0x2000106c   Data        1024  main.o(.bss)
    ADC_val1                                 0x2000146c   Data        1024  main.o(.bss)
    T1                                       0x2000186c   Data         200  main.o(.bss)
    USART_RX_BUF                             0x20001934   Data         200  usart.o(.bss)
    lcddev                                   0x200019fc   Data          14  lcd.o(.bss)
    ADC_TempValue                            0x20001a0c   Data        1024  dma.o(.bss)
    DMA_InitStructure                        0x20001e0c   Data          44  dma.o(.bss)
    InBufArray                               0x20001e38   Data        1024  fft_calculate.o(.bss)
    OutBufArray                              0x20002238   Data         512  fft_calculate.o(.bss)
    MagBufArray                              0x20002438   Data         512  fft_calculate.o(.bss)
    __libspace_start                         0x20002638   Data          96  libspace.o(.bss)
    __temporary_stack_top$libspace           0x20002698   Data           0  libspace.o(.bss)



==============================================================================

Memory Map of the image

  Image Entry point : 0x08000131

  Load Region LR_IROM1 (Base: 0x08000000, Size: 0x0000c2b4, Max: 0x00040000, ABSOLUTE, COMPRESSED[0x0000be70])

    Execution Region ER_IROM1 (Exec base: 0x08000000, Load base: 0x08000000, Size: 0x0000b248, Max: 0x00040000, ABSOLUTE)

    Exec Addr    Load Addr    Size         Type   Attr      Idx    E Section Name        Object

    0x08000000   0x08000000   0x00000130   Data   RO           19    RESET               startup_stm32f10x_hd.o
    0x08000130   0x08000130   0x00000008   Code   RO         3769  * !!!main             c_w.l(__main.o)
    0x08000138   0x08000138   0x00000034   Code   RO         4098    !!!scatter          c_w.l(__scatter.o)
    0x0800016c   0x0800016c   0x00000064   Code   RO         4096    !!dclz77c           c_w.l(__dclz77c.o)
    0x080001d0   0x080001d0   0x0000001c   Code   RO         4100    !!handler_zi        c_w.l(__scatter_zi.o)
    0x080001ec   0x080001ec   0x00000000   Code   RO         3766    .ARM.Collect$$_printf_percent$$00000000  c_w.l(_printf_percent.o)
    0x080001ec   0x080001ec   0x00000006   Code   RO         3765    .ARM.Collect$$_printf_percent$$0000000C  c_w.l(_printf_x.o)
    0x080001f2   0x080001f2   0x00000004   Code   RO         3880    .ARM.Collect$$_printf_percent$$00000017  c_w.l(_printf_percent_end.o)
    0x080001f6   0x080001f6   0x00000002   Code   RO         3969    .ARM.Collect$$libinit$$00000000  c_w.l(libinit.o)
    0x080001f8   0x080001f8   0x00000000   Code   RO         3975    .ARM.Collect$$libinit$$00000002  c_w.l(libinit2.o)
    0x080001f8   0x080001f8   0x00000000   Code   RO         3977    .ARM.Collect$$libinit$$00000004  c_w.l(libinit2.o)
    0x080001f8   0x080001f8   0x00000000   Code   RO         3980    .ARM.Collect$$libinit$$0000000A  c_w.l(libinit2.o)
    0x080001f8   0x080001f8   0x00000000   Code   RO         3982    .ARM.Collect$$libinit$$0000000C  c_w.l(libinit2.o)
    0x080001f8   0x080001f8   0x00000000   Code   RO         3984    .ARM.Collect$$libinit$$0000000E  c_w.l(libinit2.o)
    0x080001f8   0x080001f8   0x00000000   Code   RO         3987    .ARM.Collect$$libinit$$00000011  c_w.l(libinit2.o)
    0x080001f8   0x080001f8   0x00000000   Code   RO         3989    .ARM.Collect$$libinit$$00000013  c_w.l(libinit2.o)
    0x080001f8   0x080001f8   0x00000000   Code   RO         3991    .ARM.Collect$$libinit$$00000015  c_w.l(libinit2.o)
    0x080001f8   0x080001f8   0x00000000   Code   RO         3993    .ARM.Collect$$libinit$$00000017  c_w.l(libinit2.o)
    0x080001f8   0x080001f8   0x00000000   Code   RO         3995    .ARM.Collect$$libinit$$00000019  c_w.l(libinit2.o)
    0x080001f8   0x080001f8   0x00000000   Code   RO         3997    .ARM.Collect$$libinit$$0000001B  c_w.l(libinit2.o)
    0x080001f8   0x080001f8   0x00000000   Code   RO         3999    .ARM.Collect$$libinit$$0000001D  c_w.l(libinit2.o)
    0x080001f8   0x080001f8   0x00000000   Code   RO         4001    .ARM.Collect$$libinit$$0000001F  c_w.l(libinit2.o)
    0x080001f8   0x080001f8   0x00000000   Code   RO         4003    .ARM.Collect$$libinit$$00000021  c_w.l(libinit2.o)
    0x080001f8   0x080001f8   0x00000000   Code   RO         4005    .ARM.Collect$$libinit$$00000023  c_w.l(libinit2.o)
    0x080001f8   0x080001f8   0x00000000   Code   RO         4007    .ARM.Collect$$libinit$$00000025  c_w.l(libinit2.o)
    0x080001f8   0x080001f8   0x00000000   Code   RO         4011    .ARM.Collect$$libinit$$0000002C  c_w.l(libinit2.o)
    0x080001f8   0x080001f8   0x00000000   Code   RO         4013    .ARM.Collect$$libinit$$0000002E  c_w.l(libinit2.o)
    0x080001f8   0x080001f8   0x00000000   Code   RO         4015    .ARM.Collect$$libinit$$00000030  c_w.l(libinit2.o)
    0x080001f8   0x080001f8   0x00000000   Code   RO         4017    .ARM.Collect$$libinit$$00000032  c_w.l(libinit2.o)
    0x080001f8   0x080001f8   0x00000002   Code   RO         4018    .ARM.Collect$$libinit$$00000033  c_w.l(libinit2.o)
    0x080001fa   0x080001fa   0x00000002   Code   RO         4038    .ARM.Collect$$libshutdown$$00000000  c_w.l(libshutdown.o)
    0x080001fc   0x080001fc   0x00000000   Code   RO         4048    .ARM.Collect$$libshutdown$$00000002  c_w.l(libshutdown2.o)
    0x080001fc   0x080001fc   0x00000000   Code   RO         4050    .ARM.Collect$$libshutdown$$00000004  c_w.l(libshutdown2.o)
    0x080001fc   0x080001fc   0x00000000   Code   RO         4053    .ARM.Collect$$libshutdown$$00000007  c_w.l(libshutdown2.o)
    0x080001fc   0x080001fc   0x00000000   Code   RO         4056    .ARM.Collect$$libshutdown$$0000000A  c_w.l(libshutdown2.o)
    0x080001fc   0x080001fc   0x00000000   Code   RO         4058    .ARM.Collect$$libshutdown$$0000000C  c_w.l(libshutdown2.o)
    0x080001fc   0x080001fc   0x00000000   Code   RO         4061    .ARM.Collect$$libshutdown$$0000000F  c_w.l(libshutdown2.o)
    0x080001fc   0x080001fc   0x00000002   Code   RO         4062    .ARM.Collect$$libshutdown$$00000010  c_w.l(libshutdown2.o)
    0x080001fe   0x080001fe   0x00000000   Code   RO         3869    .ARM.Collect$$rtentry$$00000000  c_w.l(__rtentry.o)
    0x080001fe   0x080001fe   0x00000000   Code   RO         3928    .ARM.Collect$$rtentry$$00000002  c_w.l(__rtentry2.o)
    0x080001fe   0x080001fe   0x00000006   Code   RO         3940    .ARM.Collect$$rtentry$$00000004  c_w.l(__rtentry4.o)
    0x08000204   0x08000204   0x00000000   Code   RO         3930    .ARM.Collect$$rtentry$$00000009  c_w.l(__rtentry2.o)
    0x08000204   0x08000204   0x00000004   Code   RO         3931    .ARM.Collect$$rtentry$$0000000A  c_w.l(__rtentry2.o)
    0x08000208   0x08000208   0x00000000   Code   RO         3933    .ARM.Collect$$rtentry$$0000000C  c_w.l(__rtentry2.o)
    0x08000208   0x08000208   0x00000008   Code   RO         3934    .ARM.Collect$$rtentry$$0000000D  c_w.l(__rtentry2.o)
    0x08000210   0x08000210   0x00000002   Code   RO         3972    .ARM.Collect$$rtexit$$00000000  c_w.l(rtexit.o)
    0x08000212   0x08000212   0x00000000   Code   RO         4022    .ARM.Collect$$rtexit$$00000002  c_w.l(rtexit2.o)
    0x08000212   0x08000212   0x00000004   Code   RO         4023    .ARM.Collect$$rtexit$$00000003  c_w.l(rtexit2.o)
    0x08000216   0x08000216   0x00000006   Code   RO         4024    .ARM.Collect$$rtexit$$00000004  c_w.l(rtexit2.o)
    0x0800021c   0x0800021c   0x00000040   Code   RO           20    .text               startup_stm32f10x_hd.o
    0x0800025c   0x0800025c   0x000005de   Code   RO         3702    .text               cr4_fft_256_stm32.o
    0x0800083a   0x0800083a   0x00000002   Code   RO         3710    .text               c_w.l(use_no_semi_2.o)
    0x0800083c   0x0800083c   0x00000018   Code   RO         3716    .text               c_w.l(noretval__2printf.o)
    0x08000854   0x08000854   0x00000028   Code   RO         3718    .text               c_w.l(noretval__2sprintf.o)
    0x0800087c   0x0800087c   0x0000004e   Code   RO         3722    .text               c_w.l(_printf_pad.o)
    0x080008ca   0x080008ca   0x00000002   PAD
    0x080008cc   0x080008cc   0x00000058   Code   RO         3727    .text               c_w.l(_printf_hex_int.o)
    0x08000924   0x08000924   0x00000138   Code   RO         3757    .text               c_w.l(__printf_flags_wp.o)
    0x08000a5c   0x08000a5c   0x00000006   Code   RO         3767    .text               c_w.l(heapauxi.o)
    0x08000a62   0x08000a62   0x00000002   Code   RO         3867    .text               c_w.l(use_no_semi.o)
    0x08000a64   0x08000a64   0x00000016   Code   RO         3870    .text               c_w.l(_rserrno.o)
    0x08000a7a   0x08000a7a   0x000000b2   Code   RO         3872    .text               c_w.l(_printf_intcommon.o)
    0x08000b2c   0x08000b2c   0x00000030   Code   RO         3874    .text               c_w.l(_printf_char_common.o)
    0x08000b5c   0x08000b5c   0x0000000a   Code   RO         3876    .text               c_w.l(_sputc.o)
    0x08000b66   0x08000b66   0x00000002   PAD
    0x08000b68   0x08000b68   0x00000024   Code   RO         3878    .text               c_w.l(_printf_char_file.o)
    0x08000b8c   0x08000b8c   0x00000008   Code   RO         3945    .text               c_w.l(rt_errno_addr_intlibspace.o)
    0x08000b94   0x08000b94   0x00000008   Code   RO         3949    .text               c_w.l(ferror.o)
    0x08000b9c   0x08000b9c   0x00000008   Code   RO         3957    .text               c_w.l(libspace.o)
    0x08000ba4   0x08000ba4   0x0000004a   Code   RO         3960    .text               c_w.l(sys_stackheap_outer.o)
    0x08000bee   0x08000bee   0x00000012   Code   RO         3962    .text               c_w.l(exit.o)
    0x08000c00   0x08000c00   0x00000016   Code   RO          357    i.ADC_Cmd           stm32f10x_adc.o
    0x08000c16   0x08000c16   0x00000016   Code   RO          358    i.ADC_DMACmd        stm32f10x_adc.o
    0x08000c2c   0x08000c2c   0x0000005c   Code   RO          359    i.ADC_DeInit        stm32f10x_adc.o
    0x08000c88   0x08000c88   0x00000016   Code   RO          362    i.ADC_ExternalTrigConvCmd  stm32f10x_adc.o
    0x08000c9e   0x08000c9e   0x00000014   Code   RO          365    i.ADC_GetCalibrationStatus  stm32f10x_adc.o
    0x08000cb2   0x08000cb2   0x00000014   Code   RO          371    i.ADC_GetResetCalibrationStatus  stm32f10x_adc.o
    0x08000cc6   0x08000cc6   0x00000002   PAD
    0x08000cc8   0x08000cc8   0x00000050   Code   RO          375    i.ADC_Init          stm32f10x_adc.o
    0x08000d18   0x08000d18   0x000000b8   Code   RO          379    i.ADC_RegularChannelConfig  stm32f10x_adc.o
    0x08000dd0   0x08000dd0   0x0000000a   Code   RO          380    i.ADC_ResetCalibration  stm32f10x_adc.o
    0x08000dda   0x08000dda   0x0000000a   Code   RO          384    i.ADC_StartCalibration  stm32f10x_adc.o
    0x08000de4   0x08000de4   0x000000b0   Code   RO         3622    i.Adc_Init          adc.o
    0x08000e94   0x08000e94   0x00000004   Code   RO          192    i.BusFault_Handler  stm32f10x_it.o
    0x08000e98   0x08000e98   0x000002bc   Code   RO           24    i.DMA1_Channel1_IRQHandler  main.o
    0x08001154   0x08001154   0x0000001c   Code   RO         1040    i.DMA_ClearFlag     stm32f10x_dma.o
    0x08001170   0x08001170   0x0000001c   Code   RO         1041    i.DMA_ClearITPendingBit  stm32f10x_dma.o
    0x0800118c   0x0800118c   0x00000018   Code   RO         1042    i.DMA_Cmd           stm32f10x_dma.o
    0x080011a4   0x080011a4   0x0000014c   Code   RO         1043    i.DMA_DeInit        stm32f10x_dma.o
    0x080012f0   0x080012f0   0x0000002c   Code   RO         1046    i.DMA_GetITStatus   stm32f10x_dma.o
    0x0800131c   0x0800131c   0x00000012   Code   RO         1047    i.DMA_ITConfig      stm32f10x_dma.o
    0x0800132e   0x0800132e   0x0000003c   Code   RO         1048    i.DMA_Init          stm32f10x_dma.o
    0x0800136a   0x0800136a   0x00000004   Code   RO         1049    i.DMA_SetCurrDataCounter  stm32f10x_dma.o
    0x0800136e   0x0800136e   0x00000002   Code   RO          193    i.DebugMon_Handler  stm32f10x_it.o
    0x08001370   0x08001370   0x00000040   Code   RO         3677    i.FFT_Compute       fft_calculate.o
    0x080013b0   0x080013b0   0x00000116   Code   RO         1466    i.GPIO_Init         stm32f10x_gpio.o
    0x080014c6   0x080014c6   0x00000002   PAD
    0x080014c8   0x080014c8   0x00000090   Code   RO         1468    i.GPIO_PinRemapConfig  stm32f10x_gpio.o
    0x08001558   0x08001558   0x00000004   Code   RO         1474    i.GPIO_SetBits      stm32f10x_gpio.o
    0x0800155c   0x0800155c   0x000001c4   Code   RO         3678    i.GetPowerMag       fft_calculate.o
    0x08001720   0x08001720   0x00000004   Code   RO          194    i.HardFault_Handler  stm32f10x_it.o
    0x08001724   0x08001724   0x00000088   Code   RO         3409    i.LCD_Clear         lcd.o
    0x080017ac   0x080017ac   0x000001c0   Code   RO         3413    i.LCD_Display_Dir   lcd.o
    0x0800196c   0x0800196c   0x00000364   Code   RO         3418    i.LCD_Fast_DrawPoint  lcd.o
    0x08001cd0   0x08001cd0   0x00003bbc   Code   RO         3420    i.LCD_Init          lcd.o
    0x0800588c   0x0800588c   0x00000016   Code   RO         3421    i.LCD_Pow           lcd.o
    0x080058a2   0x080058a2   0x00000002   PAD
    0x080058a4   0x080058a4   0x00000070   Code   RO         3422    i.LCD_RD_DATA       lcd.o
    0x08005914   0x08005914   0x00000010   Code   RO         3424    i.LCD_ReadReg       lcd.o
    0x08005924   0x08005924   0x000000d4   Code   RO         3425    i.LCD_SSD_BackLightSet  lcd.o
    0x080059f8   0x080059f8   0x00000458   Code   RO         3426    i.LCD_Scan_Dir      lcd.o
    0x08005e50   0x08005e50   0x000003bc   Code   RO         3427    i.LCD_SetCursor     lcd.o
    0x0800620c   0x0800620c   0x00000128   Code   RO         3429    i.LCD_ShowChar      lcd.o
    0x08006334   0x08006334   0x00000066   Code   RO         3431    i.LCD_ShowString    lcd.o
    0x0800639a   0x0800639a   0x000000be   Code   RO         3432    i.LCD_ShowxNum      lcd.o
    0x08006458   0x08006458   0x00000024   Code   RO         3433    i.LCD_WR_DATAX      lcd.o
    0x0800647c   0x0800647c   0x00000024   Code   RO         3434    i.LCD_WR_REG        lcd.o
    0x080064a0   0x080064a0   0x00000010   Code   RO         3436    i.LCD_WriteRAM_Prepare  lcd.o
    0x080064b0   0x080064b0   0x00000030   Code   RO         3437    i.LCD_WriteReg      lcd.o
    0x080064e0   0x080064e0   0x00000070   Code   RO         3652    i.MYDMA_Config      dma.o
    0x08006550   0x08006550   0x00000004   Code   RO          195    i.MemManage_Handler  stm32f10x_it.o
    0x08006554   0x08006554   0x0000009a   Code   RO           25    i.Mid_Value_Filter  main.o
    0x080065ee   0x080065ee   0x00000002   Code   RO          196    i.NMI_Handler       stm32f10x_it.o
    0x080065f0   0x080065f0   0x00000028   Code   RO           26    i.NVIC_Configuration  main.o
    0x08006618   0x08006618   0x00000070   Code   RO          289    i.NVIC_Init         misc.o
    0x08006688   0x08006688   0x00000014   Code   RO          290    i.NVIC_PriorityGroupConfig  misc.o
    0x0800669c   0x0800669c   0x00000002   Code   RO          197    i.PendSV_Handler    stm32f10x_it.o
    0x0800669e   0x0800669e   0x00000002   PAD
    0x080066a0   0x080066a0   0x00000018   Code   RO         1880    i.RCC_ADCCLKConfig  stm32f10x_rcc.o
    0x080066b8   0x080066b8   0x00000020   Code   RO         1881    i.RCC_AHBPeriphClockCmd  stm32f10x_rcc.o
    0x080066d8   0x080066d8   0x00000020   Code   RO         1882    i.RCC_APB1PeriphClockCmd  stm32f10x_rcc.o
    0x080066f8   0x080066f8   0x00000020   Code   RO         1884    i.RCC_APB2PeriphClockCmd  stm32f10x_rcc.o
    0x08006718   0x08006718   0x00000020   Code   RO         1885    i.RCC_APB2PeriphResetCmd  stm32f10x_rcc.o
    0x08006738   0x08006738   0x000000d4   Code   RO         1892    i.RCC_GetClocksFreq  stm32f10x_rcc.o
    0x0800680c   0x0800680c   0x00000002   Code   RO          198    i.SVC_Handler       stm32f10x_it.o
    0x0800680e   0x0800680e   0x00000008   Code   RO          255    i.SetSysClock       system_stm32f10x.o
    0x08006816   0x08006816   0x00000002   PAD
    0x08006818   0x08006818   0x000000e0   Code   RO          256    i.SetSysClockTo72   system_stm32f10x.o
    0x080068f8   0x080068f8   0x00000028   Code   RO          293    i.SysTick_CLKSourceConfig  misc.o
    0x08006920   0x08006920   0x00000002   Code   RO          199    i.SysTick_Handler   stm32f10x_it.o
    0x08006922   0x08006922   0x00000002   PAD
    0x08006924   0x08006924   0x00000060   Code   RO          258    i.SystemInit        system_stm32f10x.o
    0x08006984   0x08006984   0x00000090   Code   RO         3634    i.TIM1_PWM_Init     timer.o
    0x08006a14   0x08006a14   0x00000090   Code   RO         3635    i.TIM2_PWM_Init     timer.o
    0x08006aa4   0x08006aa4   0x00000018   Code   RO         2516    i.TIM_Cmd           stm32f10x_tim.o
    0x08006abc   0x08006abc   0x0000001e   Code   RO         2518    i.TIM_CtrlPWMOutputs  stm32f10x_tim.o
    0x08006ada   0x08006ada   0x00000002   PAD
    0x08006adc   0x08006adc   0x000000a4   Code   RO         2550    i.TIM_OC2Init       stm32f10x_tim.o
    0x08006b80   0x08006b80   0x0000007c   Code   RO         2560    i.TIM_OC4Init       stm32f10x_tim.o
    0x08006bfc   0x08006bfc   0x00000006   Code   RO         2580    i.TIM_SetCompare4   stm32f10x_tim.o
    0x08006c02   0x08006c02   0x00000002   PAD
    0x08006c04   0x08006c04   0x000000a4   Code   RO         2587    i.TIM_TimeBaseInit  stm32f10x_tim.o
    0x08006ca8   0x08006ca8   0x00000088   Code   RO         3336    i.USART1_IRQHandler  usart.o
    0x08006d30   0x08006d30   0x00000018   Code   RO         3052    i.USART_Cmd         stm32f10x_usart.o
    0x08006d48   0x08006d48   0x00000054   Code   RO         3056    i.USART_GetITStatus  stm32f10x_usart.o
    0x08006d9c   0x08006d9c   0x0000004a   Code   RO         3058    i.USART_ITConfig    stm32f10x_usart.o
    0x08006de6   0x08006de6   0x00000002   PAD
    0x08006de8   0x08006de8   0x000000d8   Code   RO         3059    i.USART_Init        stm32f10x_usart.o
    0x08006ec0   0x08006ec0   0x0000000a   Code   RO         3066    i.USART_ReceiveData  stm32f10x_usart.o
    0x08006eca   0x08006eca   0x00000004   Code   RO          200    i.UsageFault_Handler  stm32f10x_it.o
    0x08006ece   0x08006ece   0x00000028   Code   RO         3912    i.__ARM_fpclassify  m_ws.l(fpclassify.o)
    0x08006ef6   0x08006ef6   0x00000002   PAD
    0x08006ef8   0x08006ef8   0x00000388   Code   RO         3916    i.__ieee754_rem_pio2  m_ws.l(rred.o)
    0x08007280   0x08007280   0x000000aa   Code   RO         3914    i.__kernel_poly     m_ws.l(poly.o)
    0x0800732a   0x0800732a   0x00000002   PAD
    0x0800732c   0x0800732c   0x0000027c   Code   RO         3921    i.__kernel_tan      m_ws.l(tan_i.o)
    0x080075a8   0x080075a8   0x00000006   Code   RO         3899    i.__mathlib_dbl_infnan  m_ws.l(dunder.o)
    0x080075ae   0x080075ae   0x0000000c   Code   RO         3901    i.__mathlib_dbl_invalid  m_ws.l(dunder.o)
    0x080075ba   0x080075ba   0x00000002   PAD
    0x080075bc   0x080075bc   0x00000010   Code   RO         3904    i.__mathlib_dbl_underflow  m_ws.l(dunder.o)
    0x080075cc   0x080075cc   0x0000000e   Code   RO         3755    i._is_digit         c_w.l(__printf_wp.o)
    0x080075da   0x080075da   0x00000004   Code   RO         3337    i._sys_exit         usart.o
    0x080075de   0x080075de   0x00000002   PAD
    0x080075e0   0x080075e0   0x0000027c   Code   RO         3832    i.acos              m_ws.l(acos.o)
    0x0800785c   0x0800785c   0x00000220   Code   RO         3842    i.atan              m_ws.l(atan.o)
    0x08007a7c   0x08007a7c   0x00000044   Code   RO         3282    i.delay_init        delay.o
    0x08007ac0   0x08007ac0   0x0000004c   Code   RO         3283    i.delay_ms          delay.o
    0x08007b0c   0x08007b0c   0x0000004c   Code   RO         3284    i.delay_us          delay.o
    0x08007b58   0x08007b58   0x0000001c   Code   RO         3338    i.fputc             usart.o
    0x08007b74   0x08007b74   0x00000040   Code   RO         3389    i.key_init          key.o
    0x08007bb4   0x08007bb4   0x00000064   Code   RO         3390    i.key_scan          key.o
    0x08007c18   0x08007c18   0x00000040   Code   RO         3377    i.led_init          led.o
    0x08007c58   0x08007c58   0x00000764   Code   RO           27    i.main              main.o
    0x080083bc   0x080083bc   0x0000004c   Code   RO         3852    i.sqrt              m_ws.l(sqrt.o)
    0x08008408   0x08008408   0x00000064   Code   RO         3860    i.tan               m_ws.l(tan.o)
    0x0800846c   0x0800846c   0x000000a0   Code   RO         3339    i.uart_init         usart.o
    0x0800850c   0x0800850c   0x00000062   Code   RO         3771    x$fpl$d2f           fz_ws.l(d2f.o)
    0x0800856e   0x0800856e   0x00000002   PAD
    0x08008570   0x08008570   0x00000150   Code   RO         3773    x$fpl$dadd          fz_ws.l(daddsub_clz.o)
    0x080086c0   0x080086c0   0x00000010   Code   RO         3953    x$fpl$dcheck1       fz_ws.l(dcheck1.o)
    0x080086d0   0x080086d0   0x000002b0   Code   RO         3780    x$fpl$ddiv          fz_ws.l(ddiv.o)
    0x08008980   0x08008980   0x0000005e   Code   RO         3783    x$fpl$dfix          fz_ws.l(dfix.o)
    0x080089de   0x080089de   0x00000002   PAD
    0x080089e0   0x080089e0   0x0000005a   Code   RO         3787    x$fpl$dfixu         fz_ws.l(dfixu.o)
    0x08008a3a   0x08008a3a   0x0000002e   Code   RO         3792    x$fpl$dflt          fz_ws.l(dflt_clz.o)
    0x08008a68   0x08008a68   0x00000026   Code   RO         3791    x$fpl$dfltu         fz_ws.l(dflt_clz.o)
    0x08008a8e   0x08008a8e   0x00000002   PAD
    0x08008a90   0x08008a90   0x00000154   Code   RO         3797    x$fpl$dmul          fz_ws.l(dmul.o)
    0x08008be4   0x08008be4   0x0000009c   Code   RO         3883    x$fpl$dnaninf       fz_ws.l(dnaninf.o)
    0x08008c80   0x08008c80   0x0000000c   Code   RO         3885    x$fpl$dretinf       fz_ws.l(dretinf.o)
    0x08008c8c   0x08008c8c   0x00000016   Code   RO         3774    x$fpl$drsb          fz_ws.l(daddsub_clz.o)
    0x08008ca2   0x08008ca2   0x00000002   PAD
    0x08008ca4   0x08008ca4   0x000001cc   Code   RO         3887    x$fpl$dsqrt         fz_ws.l(dsqrt_noumaal.o)
    0x08008e70   0x08008e70   0x000001d4   Code   RO         3775    x$fpl$dsub          fz_ws.l(daddsub_clz.o)
    0x08009044   0x08009044   0x00000056   Code   RO         3799    x$fpl$f2d           fz_ws.l(f2d.o)
    0x0800909a   0x0800909a   0x00000002   PAD
    0x0800909c   0x0800909c   0x000000c4   Code   RO         3801    x$fpl$fadd          fz_ws.l(faddsub_clz.o)
    0x08009160   0x08009160   0x00000018   Code   RO         3889    x$fpl$fcmpinf       fz_ws.l(fcmpi.o)
    0x08009178   0x08009178   0x00000184   Code   RO         3808    x$fpl$fdiv          fz_ws.l(fdiv.o)
    0x080092fc   0x080092fc   0x00000036   Code   RO         3811    x$fpl$ffix          fz_ws.l(ffix.o)
    0x08009332   0x08009332   0x00000002   PAD
    0x08009334   0x08009334   0x0000003e   Code   RO         3815    x$fpl$ffixu         fz_ws.l(ffixu.o)
    0x08009372   0x08009372   0x00000002   PAD
    0x08009374   0x08009374   0x00000030   Code   RO         3820    x$fpl$fflt          fz_ws.l(fflt_clz.o)
    0x080093a4   0x080093a4   0x00000026   Code   RO         3819    x$fpl$ffltu         fz_ws.l(fflt_clz.o)
    0x080093ca   0x080093ca   0x00000002   PAD
    0x080093cc   0x080093cc   0x00000068   Code   RO         3825    x$fpl$fleqf         fz_ws.l(fleqf.o)
    0x08009434   0x08009434   0x00000102   Code   RO         3827    x$fpl$fmul          fz_ws.l(fmul.o)
    0x08009536   0x08009536   0x0000008c   Code   RO         3891    x$fpl$fnaninf       fz_ws.l(fnaninf.o)
    0x080095c2   0x080095c2   0x0000000a   Code   RO         3893    x$fpl$fretinf       fz_ws.l(fretinf.o)
    0x080095cc   0x080095cc   0x00000062   Code   RO         3829    x$fpl$frleqf        fz_ws.l(frleqf.o)
    0x0800962e   0x0800962e   0x00000014   Code   RO         3802    x$fpl$frsb          fz_ws.l(faddsub_clz.o)
    0x08009642   0x08009642   0x00000002   PAD
    0x08009644   0x08009644   0x000000ea   Code   RO         3803    x$fpl$fsub          fz_ws.l(faddsub_clz.o)
    0x0800972e   0x0800972e   0x00000064   Code   RO         3970    x$fpl$retnan        fz_ws.l(retnan.o)
    0x08009792   0x08009792   0x0000005c   Code   RO         3895    x$fpl$scalbn        fz_ws.l(scalbn.o)
    0x080097ee   0x080097ee   0x00000030   Code   RO         4019    x$fpl$trapveneer    fz_ws.l(trapv.o)
    0x0800981e   0x0800981e   0x00000000   Code   RO         3897    x$fpl$usenofp       fz_ws.l(usenofp.o)
    0x0800981e   0x0800981e   0x000017c0   Data   RO         3440    .constdata          lcd.o
    0x0800afde   0x0800afde   0x00000028   Data   RO         3728    .constdata          c_w.l(_printf_hex_int.o)
    0x0800b006   0x0800b006   0x00000011   Data   RO         3758    .constdata          c_w.l(__printf_flags_wp.o)
    0x0800b017   0x0800b017   0x00000001   PAD
    0x0800b018   0x0800b018   0x00000050   Data   RO         3833    .constdata          m_ws.l(acos.o)
    0x0800b068   0x0800b068   0x00000098   Data   RO         3843    .constdata          m_ws.l(atan.o)
    0x0800b100   0x0800b100   0x000000c8   Data   RO         3918    .constdata          m_ws.l(rred.o)
    0x0800b1c8   0x0800b1c8   0x00000060   Data   RO         3922    .constdata          m_ws.l(tan_i.o)
    0x0800b228   0x0800b228   0x00000020   Data   RO         4094    Region$$Table       anon$$obj.o


    Execution Region RW_IRAM1 (Exec base: 0x20000000, Load base: 0x0800b248, Size: 0x00002c98, Max: 0x0000c000, ABSOLUTE, COMPRESSED[0x00000c28])

    Exec Addr    Load Addr    Size         Type   Attr      Idx    E Section Name        Object

    0x20000000   COMPRESSED   0x00001030   Data   RW           29    .data               main.o
    0x20001030   COMPRESSED   0x00000014   Data   RW          259    .data               system_stm32f10x.o
    0x20001044   COMPRESSED   0x00000014   Data   RW         1912    .data               stm32f10x_rcc.o
    0x20001058   COMPRESSED   0x00000004   Data   RW         3285    .data               delay.o
    0x2000105c   COMPRESSED   0x00000006   Data   RW         3341    .data               usart.o
    0x20001062   COMPRESSED   0x00000001   Data   RW         3391    .data               key.o
    0x20001063   COMPRESSED   0x00000001   PAD
    0x20001064   COMPRESSED   0x00000004   Data   RW         3441    .data               lcd.o
    0x20001068   COMPRESSED   0x00000004   Data   RW         3680    .data               fft_calculate.o
    0x2000106c        -       0x000008c8   Zero   RW           28    .bss                main.o
    0x20001934        -       0x000000c8   Zero   RW         3340    .bss                usart.o
    0x200019fc        -       0x0000000e   Zero   RW         3439    .bss                lcd.o
    0x20001a0a   COMPRESSED   0x00000002   PAD
    0x20001a0c        -       0x0000042c   Zero   RW         3654    .bss                dma.o
    0x20001e38        -       0x00000800   Zero   RW         3679    .bss                fft_calculate.o
    0x20002638        -       0x00000060   Zero   RW         3958    .bss                c_w.l(libspace.o)
    0x20002698        -       0x00000200   Zero   RW           18    HEAP                startup_stm32f10x_hd.o
    0x20002898        -       0x00000400   Zero   RW           17    STACK               startup_stm32f10x_hd.o


==============================================================================

Image component sizes


      Code (inc. data)   RO Data    RW Data    ZI Data      Debug   Object Name

       176         10          0          0          0        647   adc.o
         0          0          0          0          0       4532   core_cm3.o
      1502       1008          0          0          0        356   cr4_fft_256_stm32.o
       220         26          0          4          0       1879   delay.o
       112         14          0          0       1068       1318   dma.o
       516         32          0          4       2048       2291   fft_calculate.o
       164         20          0          1          0       1166   key.o
     19898        240       6080          4         14      24557   lcd.o
        64          6          0          0          0        515   led.o
      2786        388          0       4144       2248     263074   main.o
       172         22          0          0          0     216149   misc.o
        64         26        304          0       1536        820   startup_stm32f10x_hd.o
       482         24          0          0          0       8385   stm32f10x_adc.o
       538         36          0          0          0       6560   stm32f10x_dma.o
       426          6          0          0          0       3485   stm32f10x_gpio.o
        26          0          0          0          0       4058   stm32f10x_it.o
       364         50          0         20          0       6426   stm32f10x_rcc.o
       512         62          0          0          0       4488   stm32f10x_tim.o
       408          6          0          0          0       5222   stm32f10x_usart.o
       328         28          0         20          0       2277   system_stm32f10x.o
       288         14          0          0          0       1452   timer.o
       328         26          0          6        200       4328   usart.o

    ----------------------------------------------------------------------
     29394       2044       6416       4204       7116     563985   Object Totals
         0          0         32          0          0          0   (incl. Generated)
        20          0          0          1          2          0   (incl. Padding)

    ----------------------------------------------------------------------

      Code (inc. data)   RO Data    RW Data    ZI Data      Debug   Library Member Name

       100          0          0          0          0          0   __dclz77c.o
         8          0          0          0          0         68   __main.o
       312          4         17          0          0         92   __printf_flags_wp.o
        14          0          0          0          0         68   __printf_wp.o
         0          0          0          0          0          0   __rtentry.o
        12          0          0          0          0          0   __rtentry2.o
         6          0          0          0          0          0   __rtentry4.o
        52          8          0          0          0          0   __scatter.o
        28          0          0          0          0          0   __scatter_zi.o
        48          6          0          0          0         96   _printf_char_common.o
        36          4          0          0          0         80   _printf_char_file.o
        88          4         40          0          0         88   _printf_hex_int.o
       178          0          0          0          0         88   _printf_intcommon.o
        78          0          0          0          0        108   _printf_pad.o
         0          0          0          0          0          0   _printf_percent.o
         4          0          0          0          0          0   _printf_percent_end.o
         6          0          0          0          0          0   _printf_x.o
        22          0          0          0          0        100   _rserrno.o
        10          0          0          0          0         68   _sputc.o
        18          0          0          0          0         80   exit.o
         8          0          0          0          0         68   ferror.o
         6          0          0          0          0        152   heapauxi.o
         2          0          0          0          0          0   libinit.o
         2          0          0          0          0          0   libinit2.o
         2          0          0          0          0          0   libshutdown.o
         2          0          0          0          0          0   libshutdown2.o
         8          4          0          0         96         68   libspace.o
        24          4          0          0          0         84   noretval__2printf.o
        40          6          0          0          0         84   noretval__2sprintf.o
         8          4          0          0          0         68   rt_errno_addr_intlibspace.o
         2          0          0          0          0          0   rtexit.o
        10          0          0          0          0          0   rtexit2.o
        74          0          0          0          0         80   sys_stackheap_outer.o
         2          0          0          0          0         68   use_no_semi.o
         2          0          0          0          0         68   use_no_semi_2.o
        98          4          0          0          0         92   d2f.o
       826         16          0          0          0        348   daddsub_clz.o
        16          4          0          0          0         68   dcheck1.o
       688        140          0          0          0        208   ddiv.o
        94          4          0          0          0         92   dfix.o
        90          4          0          0          0         92   dfixu.o
        84          0          0          0          0        136   dflt_clz.o
       340         12          0          0          0        104   dmul.o
       156          4          0          0          0         92   dnaninf.o
        12          0          0          0          0         68   dretinf.o
       460         56          0          0          0        120   dsqrt_noumaal.o
        86          4          0          0          0         84   f2d.o
       450          8          0          0          0        236   faddsub_clz.o
        24          0          0          0          0         68   fcmpi.o
       388         76          0          0          0         96   fdiv.o
        54          4          0          0          0         84   ffix.o
        62          4          0          0          0         84   ffixu.o
        86          0          0          0          0        136   fflt_clz.o
       104          4          0          0          0         84   fleqf.o
       258          4          0          0          0         84   fmul.o
       140          4          0          0          0         84   fnaninf.o
        10          0          0          0          0         68   fretinf.o
        98          0          0          0          0         68   frleqf.o
       100          0          0          0          0         68   retnan.o
        92          0          0          0          0         68   scalbn.o
        48          0          0          0          0         68   trapv.o
         0          0          0          0          0          0   usenofp.o
       636         62         80          0          0        188   acos.o
       544         70        152          0          0        124   atan.o
        34          6          0          0          0        204   dunder.o
        40          0          0          0          0         68   fpclassify.o
       170          0          0          0          0         96   poly.o
       904         76        200          0          0        140   rred.o
        76          0          0          0          0         84   sqrt.o
       100         10          0          0          0         96   tan.o
       636         50         96          0          0        168   tan_i.o

    ----------------------------------------------------------------------
      9244        670        586          0         96       5644   Library Totals
        28          0          1          0          0          0   (incl. Padding)

    ----------------------------------------------------------------------

      Code (inc. data)   RO Data    RW Data    ZI Data      Debug   Library Name

      1212         44         57          0         96       1676   c_w.l
      4864        352          0          0          0       2800   fz_ws.l
      3140        274        528          0          0       1168   m_ws.l

    ----------------------------------------------------------------------
      9244        670        586          0         96       5644   Library Totals

    ----------------------------------------------------------------------

==============================================================================


      Code (inc. data)   RO Data    RW Data    ZI Data      Debug   

     38638       2714       7002       4204       7212     562137   Grand Totals
     38638       2714       7002       3112       7212     562137   ELF Image Totals (compressed)
     38638       2714       7002       3112          0          0   ROM Totals

==============================================================================

    Total RO  Size (Code + RO Data)                45640 (  44.57kB)
    Total RW  Size (RW Data + ZI Data)             11416 (  11.15kB)
    Total ROM Size (Code + RO Data + RW Data)      48752 (  47.61kB)

==============================================================================

